Aug 15 08:22:53 debian systemd-modules-load[272]: Inserted module 'lp'
Aug 15 08:22:53 debian systemd-modules-load[272]: Inserted module 'ppdev'
Aug 15 08:22:53 debian systemd-modules-load[272]: Inserted module 'parport_pc'
Aug 15 08:22:53 debian systemd-sysusers[281]: Creating group systemd-coredump with gid 999.
Aug 15 08:22:53 debian systemd-sysusers[281]: Creating user systemd-coredump (systemd Core Dumper) with uid 999 and gid 999.
Aug 15 08:22:53 debian systemd-tmpfiles[288]: [/usr/lib/tmpfiles.d/speech-dispatcher.conf:1] Line references path below legacy directory /var/run/, updating /var/run/speech-dispatcher → /run/speech-dispatcher; please update the tmpfiles.d/ drop-in file accordingly.
Aug 15 08:22:53 debian systemd-tmpfiles[288]: [/usr/lib/tmpfiles.d/speech-dispatcher.conf:2] Line references path below legacy directory /var/run/, updating /var/run/speech-dispatcher/.cache → /run/speech-dispatcher/.cache; please update the tmpfiles.d/ drop-in file accordingly.
Aug 15 08:22:53 debian systemd-tmpfiles[288]: [/usr/lib/tmpfiles.d/speech-dispatcher.conf:3] Line references path below legacy directory /var/run/, updating /var/run/speech-dispatcher/.speech-dispatcher → /run/speech-dispatcher/.speech-dispatcher; please update the tmpfiles.d/ drop-in file accordingly.
Aug 15 08:22:53 debian systemd-tmpfiles[288]: [/usr/lib/tmpfiles.d/speech-dispatcher.conf:4] Line references path below legacy directory /var/run/, updating /var/run/speech-dispatcher/.cache/speech-dispatcher → /run/speech-dispatcher/.cache/speech-dispatcher; please update the tmpfiles.d/ drop-in file accordingly.
Aug 15 08:22:53 debian systemd-tmpfiles[288]: [/usr/lib/tmpfiles.d/speech-dispatcher.conf:5] Line references path below legacy directory /var/run/, updating /var/run/speech-dispatcher/log → /run/speech-dispatcher/log; please update the tmpfiles.d/ drop-in file accordingly.
Aug 15 08:22:53 debian systemd[1]: Starting Flush Journal to Persistent Storage...
Aug 15 08:22:53 debian systemd[1]: Started udev Kernel Device Manager.
Aug 15 08:22:53 debian systemd[1]: Starting Show Plymouth Boot Screen...
Aug 15 08:22:53 debian systemd[1]: Started Flush Journal to Persistent Storage.
Aug 15 08:22:53 debian systemd[1]: plymouth-start.service: Succeeded.
Aug 15 08:22:53 debian systemd[1]: Started Show Plymouth Boot Screen.
Aug 15 08:22:53 debian systemd[1]: Condition check resulted in Dispatch Password Requests to Console Directory Watch being skipped.
Aug 15 08:22:53 debian systemd[1]: Reached target Local Encrypted Volumes.
Aug 15 08:22:53 debian systemd[1]: Started Forward Password Requests to Plymouth Directory Watch.
Aug 15 08:22:53 debian systemd[1]: Found device VMware_Virtual_S 3.
Aug 15 08:22:53 debian systemd-udevd[308]: link_config: autonegotiation is unset or enabled, the speed and duplex are not writable.
Aug 15 08:22:53 debian systemd-udevd[295]: Using default interface naming scheme 'v240'.
Aug 15 08:22:53 debian systemd-udevd[295]: link_config: autonegotiation is unset or enabled, the speed and duplex are not writable.
Aug 15 08:22:53 debian systemd[1]: Found device VMware_Virtual_S 1.
Aug 15 08:22:53 debian mtp-probe: checking bus 1, device 2: "/sys/devices/pci0000:00/0000:00:11.0/0000:02:00.0/usb1/1-1"
Aug 15 08:22:53 debian mtp-probe: bus: 1, device: 2 was not an MTP device
Aug 15 08:22:53 debian mtp-probe: checking bus 2, device 2: "/sys/devices/pci0000:00/0000:00:11.0/0000:02:03.0/usb2/2-1"
Aug 15 08:22:53 debian mtp-probe: bus: 2, device: 2 was not an MTP device
Aug 15 08:22:53 debian systemd[1]: Listening on Load/Save RF Kill Switch Status /dev/rfkill Watch.
Aug 15 08:22:53 debian systemd[1]: Starting File System Check on /dev/disk/by-uuid/C032-ED35...
Aug 15 08:22:53 debian systemd[1]: Activating swap /dev/disk/by-uuid/a0667284-e4c6-4e7f-b6cb-727151130649...
Aug 15 08:22:53 debian systemd[1]: Activated swap /dev/disk/by-uuid/a0667284-e4c6-4e7f-b6cb-727151130649.
Aug 15 08:22:53 debian systemd[1]: Started File System Check Daemon to report status.
Aug 15 08:22:53 debian systemd[1]: Starting Show Plymouth Boot Screen...
Aug 15 08:22:53 debian systemd[1]: Condition check resulted in Set Up Additional Binary Formats being skipped.
Aug 15 08:22:53 debian systemd[1]: Condition check resulted in File System Check on Root Device being skipped.
Aug 15 08:22:53 debian systemd[1]: Condition check resulted in Rebuild Hardware Database being skipped.
Aug 15 08:22:53 debian systemd[1]: Condition check resulted in Kernel Configuration File System being skipped.
Aug 15 08:22:53 debian systemd[1]: Condition check resulted in FUSE Control File System being skipped.
Aug 15 08:22:53 debian systemd[1]: Starting Load/Save RF Kill Switch Status...
Aug 15 08:22:53 debian systemd[1]: Reached target Swap.
Aug 15 08:22:53 debian systemd-fsck[371]: fsck.fat 4.1 (2017-01-24)
Aug 15 08:22:53 debian systemd-fsck[371]: /dev/sda1: 8 files, 1306/130812 clusters
Aug 15 08:22:53 debian systemd[1]: Started File System Check on /dev/disk/by-uuid/C032-ED35.
Aug 15 08:22:53 debian systemd[1]: Mounting /boot/efi...
Aug 15 08:22:53 debian systemd[1]: Started Load/Save RF Kill Switch Status.
Aug 15 08:22:53 debian systemd[1]: plymouth-start.service: Succeeded.
Aug 15 08:22:53 debian systemd[1]: Started Show Plymouth Boot Screen.
Aug 15 08:22:53 debian systemd[1]: Condition check resulted in Dispatch Password Requests to Console Directory Watch being skipped.
Aug 15 08:22:53 debian systemd[1]: Mounted /boot/efi.
Aug 15 08:22:53 debian systemd[1]: Reached target Local File Systems.
Aug 15 08:22:53 debian systemd[1]: Starting Tell Plymouth To Write Out Runtime Data...
Aug 15 08:22:53 debian systemd[1]: Starting Set console font and keymap...
Aug 15 08:22:53 debian systemd[1]: Condition check resulted in Commit a transient machine-id on disk being skipped.
Aug 15 08:22:53 debian systemd[1]: Starting Load AppArmor profiles...
Aug 15 08:22:53 debian systemd[1]: Starting Create Volatile Files and Directories...
Aug 15 08:22:53 debian systemd-tmpfiles[398]: [/usr/lib/tmpfiles.d/speech-dispatcher.conf:1] Line references path below legacy directory /var/run/, updating /var/run/speech-dispatcher → /run/speech-dispatcher; please update the tmpfiles.d/ drop-in file accordingly.
Aug 15 08:22:53 debian systemd-tmpfiles[398]: [/usr/lib/tmpfiles.d/speech-dispatcher.conf:2] Line references path below legacy directory /var/run/, updating /var/run/speech-dispatcher/.cache → /run/speech-dispatcher/.cache; please update the tmpfiles.d/ drop-in file accordingly.
Aug 15 08:22:53 debian systemd-tmpfiles[398]: [/usr/lib/tmpfiles.d/speech-dispatcher.conf:3] Line references path below legacy directory /var/run/, updating /var/run/speech-dispatcher/.speech-dispatcher → /run/speech-dispatcher/.speech-dispatcher; please update the tmpfiles.d/ drop-in file accordingly.
Aug 15 08:22:53 debian systemd-tmpfiles[398]: [/usr/lib/tmpfiles.d/speech-dispatcher.conf:4] Line references path below legacy directory /var/run/, updating /var/run/speech-dispatcher/.cache/speech-dispatcher → /run/speech-dispatcher/.cache/speech-dispatcher; please update the tmpfiles.d/ drop-in file accordingly.
Aug 15 08:22:53 debian systemd-tmpfiles[398]: [/usr/lib/tmpfiles.d/speech-dispatcher.conf:5] Line references path below legacy directory /var/run/, updating /var/run/speech-dispatcher/log → /run/speech-dispatcher/log; please update the tmpfiles.d/ drop-in file accordingly.
Aug 15 08:22:53 debian systemd[1]: Started Set console font and keymap.
Aug 15 08:22:53 debian systemd[1]: Received SIGRTMIN+20 from PID 203 (plymouthd).
Aug 15 08:22:53 debian systemd[1]: plymouth-read-write.service: Succeeded.
Aug 15 08:22:53 debian systemd[1]: Started Tell Plymouth To Write Out Runtime Data.
Aug 15 08:22:53 debian systemd[1]: Started Create Volatile Files and Directories.
Aug 15 08:22:53 debian systemd[1]: Starting Update UTMP about System Boot/Shutdown...
Aug 15 08:22:53 debian systemd[1]: Starting Network Time Synchronization...
Aug 15 08:22:53 debian apparmor.systemd[397]: Restarting AppArmor
Aug 15 08:22:53 debian apparmor.systemd[397]: Reloading AppArmor profiles
Aug 15 08:22:53 debian systemd[1]: Started Update UTMP about System Boot/Shutdown.
Aug 15 08:22:53 debian systemd[1]: Started Network Time Synchronization.
Aug 15 08:22:53 debian systemd[1]: Reached target System Time Synchronized.
Aug 15 08:22:53 debian apparmor.systemd[397]: Skipping profile in /etc/apparmor.d/disable: usr.bin.thunderbird
Aug 15 08:22:53 debian systemd[1]: Condition check resulted in FUSE Control File System being skipped.
Aug 15 08:22:53 debian systemd[1]: Condition check resulted in Commit a transient machine-id on disk being skipped.
Aug 15 08:22:53 debian systemd[1]: Condition check resulted in Kernel Configuration File System being skipped.
Aug 15 08:22:53 debian systemd[1]: Starting Tell Plymouth To Write Out Runtime Data...
Aug 15 08:22:53 debian systemd[1]: Condition check resulted in Set Up Additional Binary Formats being skipped.
Aug 15 08:22:53 debian systemd[1]: Starting Show Plymouth Boot Screen...
Aug 15 08:22:53 debian systemd[1]: Condition check resulted in Rebuild Hardware Database being skipped.
Aug 15 08:22:53 debian systemd[1]: Received SIGRTMIN+20 from PID 203 (plymouthd).
Aug 15 08:22:53 debian systemd[1]: plymouth-read-write.service: Succeeded.
Aug 15 08:22:53 debian systemd[1]: Started Tell Plymouth To Write Out Runtime Data.
Aug 15 08:22:53 debian systemd[1]: plymouth-start.service: Succeeded.
Aug 15 08:22:53 debian systemd[1]: Started Show Plymouth Boot Screen.
Aug 15 08:22:53 debian systemd[1]: Condition check resulted in Dispatch Password Requests to Console Directory Watch being skipped.
Aug 15 08:22:53 debian systemd-udevd[302]: Process '/usr/sbin/alsactl -E HOME=/run/alsa restore 0' failed with exit code 99.
Aug 15 08:22:53 debian systemd[1]: Started Helper to synchronize boot up for ifupdown.
Aug 15 08:22:53 debian systemd[1]: Started Load AppArmor profiles.
Aug 15 08:22:53 debian systemd[1]: Starting Raise network interfaces...
Aug 15 08:22:53 debian systemd[1]: Started Entropy daemon using the HAVEGE algorithm.
Aug 15 08:22:53 debian systemd[1]: Reached target System Initialization.
Aug 15 08:22:53 debian systemd[1]: Listening on CUPS Scheduler.
Aug 15 08:22:53 debian systemd[1]: Started Daily rotation of log files.
Aug 15 08:22:53 debian systemd[1]: Listening on D-Bus System Message Bus Socket.
Aug 15 08:22:53 debian systemd[1]: Started Daily man-db regeneration.
Aug 15 08:22:53 debian systemd[1]: Started CUPS Scheduler.
Aug 15 08:22:53 debian systemd[1]: Reached target Paths.
Aug 15 08:22:53 debian systemd[1]: Started Trigger anacron every hour.
Aug 15 08:22:53 debian systemd[1]: Listening on UUID daemon activation socket.
Aug 15 08:22:53 debian systemd[1]: Started Daily apt download activities.
Aug 15 08:22:53 debian systemd[1]: Started Daily apt upgrade and clean activities.
Aug 15 08:22:53 debian systemd[1]: Started Daily Cleanup of Temporary Directories.
Aug 15 08:22:53 debian systemd[1]: Reached target Timers.
Aug 15 08:22:53 debian systemd[1]: Listening on Avahi mDNS/DNS-SD Stack Activation Socket.
Aug 15 08:22:53 debian systemd[1]: Reached target Sockets.
Aug 15 08:22:53 debian systemd[1]: Reached target Basic System.
Aug 15 08:22:53 debian systemd[1]: Condition check resulted in getty on tty2-tty6 if dbus and logind are not available being skipped.
Aug 15 08:22:53 debian systemd[1]: Starting Login Service...
Aug 15 08:22:53 debian systemd[1]: Starting Avahi mDNS/DNS-SD Stack...
Aug 15 08:22:53 debian systemd[1]: Started D-Bus System Message Bus.
Aug 15 08:22:53 debian systemd[1]: Starting WPA supplicant...
Aug 15 08:22:53 debian systemd[1]: Starting Network Manager...
Aug 15 08:22:53 debian systemd[1]: Starting Modem Manager...
Aug 15 08:22:53 debian systemd[1]: Starting Disk Manager...
Aug 15 08:22:53 debian systemd[1]: Started Run anacron jobs.
Aug 15 08:22:53 debian systemd[1]: Starting Initialize hardware monitoring sensors...
Aug 15 08:22:53 debian avahi-daemon[429]: Found user 'avahi' (UID 112) and group 'avahi' (GID 121).
Aug 15 08:22:53 debian avahi-daemon[429]: Successfully dropped root privileges.
Aug 15 08:22:53 debian avahi-daemon[429]: avahi-daemon 0.7 starting up.
Aug 15 08:22:53 debian systemd[1]: Starting System Logging Service...
Aug 15 08:22:53 debian systemd[1]: Started CUPS Scheduler.
Aug 15 08:22:53 debian anacron[438]: Anacron 2.3 started on 2020-08-15
Aug 15 08:22:53 debian anacron[438]: Will run job `cron.daily' in 5 min.
Aug 15 08:22:53 debian sensors[439]: No sensors found!
Aug 15 08:22:53 debian sensors[439]: Make sure you loaded all the kernel drivers you need.
Aug 15 08:22:53 debian sensors[439]: Try sensors-detect to find out which these are.
Aug 15 08:22:53 debian anacron[438]: Will run job `cron.weekly' in 10 min.
Aug 15 08:22:53 debian anacron[438]: Will run job `cron.monthly' in 15 min.
Aug 15 08:22:53 debian anacron[438]: Jobs will be executed sequentially
Aug 15 08:22:53 debian systemd[1]: Starting Restore /etc/resolv.conf if the system crashed before the ppp link was shut down...
Aug 15 08:22:53 debian systemd[1]: Started Regular background program processing daemon.
Aug 15 08:22:53 debian systemd[1]: Starting Bluetooth service...
Aug 15 08:22:53 debian systemd[1]: Starting Accounts Service...
Aug 15 08:22:53 debian systemd[1]: Started Manage Sound Card State (restore and store).
Aug 15 08:22:53 debian cron[447]: (CRON) INFO (pidfile fd = 3)
Aug 15 08:22:53 debian rsyslogd: imuxsock: Acquired UNIX socket '/run/systemd/journal/syslog' (fd 3) from systemd.  [v8.1901.0]
Aug 15 08:22:53 debian rsyslogd:  [origin software="rsyslogd" swVersion="8.1901.0" x-pid="440" x-info="https://www.rsyslog.com"] start
Aug 15 08:22:53 debian alsactl[453]: alsactl 1.1.8 daemon started
Aug 15 08:22:53 debian systemd[1]: Starting Save/Restore Sound Card State...
Aug 15 08:22:53 debian systemd[1]: Started System Logging Service.
Aug 15 08:22:53 debian udisksd[435]: udisks daemon version 2.8.1 starting
Aug 15 08:22:53 debian ModemManager[434]: <info>  ModemManager (version 1.10.0) starting in system bus...
Aug 15 08:22:53 debian kernel: [    0.000000] Linux version 4.19.0-10-amd64 (debian-kernel@lists.debian.org) (gcc version 8.3.0 (Debian 8.3.0-6)) #1 SMP Debian 4.19.132-1 (2020-07-24)
Aug 15 08:22:53 debian kernel: [    0.000000] Command line: BOOT_IMAGE=/boot/vmlinuz-4.19.0-10-amd64 root=UUID=6aa93a80-cb66-4820-81b2-8aabef777ba2 ro quiet
Aug 15 08:22:53 debian kernel: [    0.000000] Disabled fast string operations
Aug 15 08:22:53 debian kernel: [    0.000000] x86/fpu: Supporting XSAVE feature 0x001: 'x87 floating point registers'
Aug 15 08:22:53 debian kernel: [    0.000000] x86/fpu: Supporting XSAVE feature 0x002: 'SSE registers'
Aug 15 08:22:53 debian kernel: [    0.000000] x86/fpu: Supporting XSAVE feature 0x004: 'AVX registers'
Aug 15 08:22:53 debian kernel: [    0.000000] x86/fpu: xstate_offset[2]:  576, xstate_sizes[2]:  256
Aug 15 08:22:53 debian kernel: [    0.000000] x86/fpu: Enabled xstate features 0x7, context size is 832 bytes, using 'compacted' format.
Aug 15 08:22:53 debian kernel: [    0.000000] BIOS-provided physical RAM map:
Aug 15 08:22:53 debian kernel: [    0.000000] BIOS-e820: [mem 0x0000000000000000-0x0000000000000fff] ACPI NVS
Aug 15 08:22:53 debian kernel: [    0.000000] BIOS-e820: [mem 0x0000000000001000-0x000000000009ffff] usable
Aug 15 08:22:53 debian kernel: [    0.000000] BIOS-e820: [mem 0x00000000000c0000-0x00000000000fffff] reserved
Aug 15 08:22:53 debian kernel: [    0.000000] BIOS-e820: [mem 0x0000000000100000-0x000000000ef24fff] usable
Aug 15 08:22:53 debian kernel: [    0.000000] BIOS-e820: [mem 0x000000000ef25000-0x000000000ef2dfff] type 20
Aug 15 08:22:53 debian kernel: [    0.000000] BIOS-e820: [mem 0x000000000ef2e000-0x000000000ef3cfff] usable
Aug 15 08:22:53 debian kernel: [    0.000000] BIOS-e820: [mem 0x000000000ef3d000-0x000000000ef42fff] type 20
Aug 15 08:22:53 debian kernel: [    0.000000] BIOS-e820: [mem 0x000000000ef43000-0x000000000ef47fff] ACPI NVS
Aug 15 08:22:53 debian kernel: [    0.000000] BIOS-e820: [mem 0x000000000ef48000-0x000000000ef60fff] usable
Aug 15 08:22:53 debian kernel: [    0.000000] BIOS-e820: [mem 0x000000000ef61000-0x000000000ef65fff] type 20
Aug 15 08:22:53 debian kernel: [    0.000000] BIOS-e820: [mem 0x000000000ef66000-0x000000000fee6fff] usable
Aug 15 08:22:53 debian kernel: [    0.000000] BIOS-e820: [mem 0x000000000fee7000-0x000000000ff06fff] type 20
Aug 15 08:22:53 debian kernel: [    0.000000] BIOS-e820: [mem 0x000000000ff07000-0x000000000ff56fff] reserved
Aug 15 08:22:53 debian kernel: [    0.000000] BIOS-e820: [mem 0x000000000ff57000-0x000000000ff72fff] ACPI data
Aug 15 08:22:53 debian kernel: [    0.000000] BIOS-e820: [mem 0x000000000ff73000-0x000000000ff76fff] ACPI NVS
Aug 15 08:22:53 debian kernel: [    0.000000] BIOS-e820: [mem 0x000000000ff77000-0x000000007fffffff] usable
Aug 15 08:22:53 debian kernel: [    0.000000] BIOS-e820: [mem 0x00000000ffc00000-0x00000000ffc29fff] reserved
Aug 15 08:22:53 debian kernel: [    0.000000] NX (Execute Disable) protection: active
Aug 15 08:22:53 debian kernel: [    0.000000] efi: EFI v2.31 by VMware, Inc.
Aug 15 08:22:53 debian kernel: [    0.000000] efi:  SMBIOS=0xef43000  ACPI 2.0=0xff65000  MEMATTR=0xe5c8698 
Aug 15 08:22:53 debian kernel: [    0.000000] secureboot: Secure boot could not be determined (mode 0)
Aug 15 08:22:53 debian kernel: [    0.000000] SMBIOS 2.7 present.
Aug 15 08:22:53 debian kernel: [    0.000000] DMI: VMware, Inc. VMware7,1/440BX Desktop Reference Platform, BIOS VMW71.00V.16221537.B64.2005150253 05/15/2020
Aug 15 08:22:53 debian kernel: [    0.000000] Hypervisor detected: VMware
Aug 15 08:22:53 debian kernel: [    0.000000] vmware: TSC freq read from hypervisor : 2399.745 MHz
Aug 15 08:22:53 debian kernel: [    0.000000] vmware: Host bus clock speed read from hypervisor : 66000000 Hz
Aug 15 08:22:53 debian kernel: [    0.000000] vmware: using sched offset of 8447960466 ns
Aug 15 08:22:53 debian kernel: [    0.000001] tsc: Detected 2399.745 MHz processor
Aug 15 08:22:53 debian kernel: [    0.005230] e820: update [mem 0x00000000-0x00000fff] usable ==> reserved
Aug 15 08:22:53 debian kernel: [    0.005232] e820: remove [mem 0x000a0000-0x000fffff] usable
Aug 15 08:22:53 debian kernel: [    0.005246] last_pfn = 0x80000 max_arch_pfn = 0x400000000
Aug 15 08:22:53 debian kernel: [    0.005266] MTRR default type: uncachable
Aug 15 08:22:53 debian kernel: [    0.005267] MTRR fixed ranges enabled:
Aug 15 08:22:53 debian kernel: [    0.005268]   00000-9FFFF write-back
Aug 15 08:22:53 debian kernel: [    0.005269]   A0000-FFFFF uncachable
Aug 15 08:22:53 debian kernel: [    0.005270] MTRR variable ranges enabled:
Aug 15 08:22:53 debian kernel: [    0.005271]   0 base 00000000000 mask 7FF80000000 write-back
Aug 15 08:22:53 debian kernel: [    0.005271]   1 disabled
Aug 15 08:22:53 debian kernel: [    0.005272]   2 disabled
Aug 15 08:22:53 debian kernel: [    0.005272]   3 disabled
Aug 15 08:22:53 debian kernel: [    0.005272]   4 disabled
Aug 15 08:22:53 debian kernel: [    0.005273]   5 disabled
Aug 15 08:22:53 debian kernel: [    0.005273]   6 disabled
Aug 15 08:22:53 debian kernel: [    0.005273]   7 disabled
Aug 15 08:22:53 debian kernel: [    0.005293] x86/PAT: Configuration [0-7]: WB  WC  UC- UC  WB  WP  UC- WT  
Aug 15 08:22:53 debian kernel: [    0.016612] Using GB pages for direct mapping
Aug 15 08:22:53 debian kernel: [    0.016986] RAMDISK: [mem 0x33997000-0x35cc2fff]
Aug 15 08:22:53 debian kernel: [    0.017015] ACPI: Early table checksum verification disabled
Aug 15 08:22:53 debian kernel: [    0.017018] ACPI: RSDP 0x000000000FF65000 000024 (v02 VMWARE)
Aug 15 08:22:53 debian kernel: [    0.017021] ACPI: XSDT 0x000000000FF65064 00005C (v01 INTEL  440BX    06040000 VMW  01324272)
Aug 15 08:22:53 debian kernel: [    0.017025] ACPI: SRAT 0x000000000FF650C0 000880 (v03 VMWARE EFISRAT  06040001 VMW  000007CE)
Aug 15 08:22:53 debian kernel: [    0.017028] ACPI: FACP 0x000000000FF72594 0000F4 (v04 INTEL  440BX    06040000 PTL  000F4240)
Aug 15 08:22:53 debian kernel: [    0.017032] ACPI: DSDT 0x000000000FF65940 00CC54 (v01 PTLTD  Custom   00000000 INTL 20130823)
Aug 15 08:22:53 debian kernel: [    0.017035] ACPI: FACS 0x000000000FF76000 000040
Aug 15 08:22:53 debian kernel: [    0.017037] ACPI: FACS 0x000000000FF76000 000040
Aug 15 08:22:53 debian kernel: [    0.017039] ACPI: APIC 0x000000000FF726FC 000742 (v03 VMWARE EFIAPIC  06040001 VMW  000007CE)
Aug 15 08:22:53 debian kernel: [    0.017041] ACPI: MCFG 0x000000000FF72E3E 00003C (v01 VMWARE EFIMCFG  06040001 VMW  000007CE)
Aug 15 08:22:53 debian kernel: [    0.017043] ACPI: HPET 0x000000000FF72E7A 000038 (v01 VMWARE VMW HPET 00000000 VMW  00000000)
Aug 15 08:22:53 debian kernel: [    0.017046] ACPI: WAET 0x000000000FF72EB2 000028 (v01 VMWARE VMW WAET 06040001 VMW  00000001)
Aug 15 08:22:53 debian kernel: [    0.017048] ACPI: WSMT 0x000000000FF72EDA 000028 (v01 VMWARE VMW WSMT 06040001 VMW  00000001)
Aug 15 08:22:53 debian kernel: [    0.017054] ACPI: Local APIC address 0xfee00000
Aug 15 08:22:53 debian kernel: [    0.017064] system APIC only can use physical flat
Aug 15 08:22:53 debian kernel: [    0.017064] Setting APIC routing to physical flat.
Aug 15 08:22:53 debian kernel: [    0.017132] SRAT: PXM 0 -> APIC 0x00 -> Node 0
Aug 15 08:22:53 debian kernel: [    0.017133] SRAT: PXM 0 -> APIC 0x02 -> Node 0
Aug 15 08:22:53 debian kernel: [    0.017133] SRAT: PXM 0 -> APIC 0x04 -> Node 0
Aug 15 08:22:53 debian kernel: [    0.017134] SRAT: PXM 0 -> APIC 0x06 -> Node 0
Aug 15 08:22:53 debian kernel: [    0.017134] SRAT: PXM 0 -> APIC 0x08 -> Node 0
Aug 15 08:22:53 debian kernel: [    0.017134] SRAT: PXM 0 -> APIC 0x0a -> Node 0
Aug 15 08:22:53 debian kernel: [    0.017135] SRAT: PXM 0 -> APIC 0x0c -> Node 0
Aug 15 08:22:53 debian kernel: [    0.017135] SRAT: PXM 0 -> APIC 0x0e -> Node 0
Aug 15 08:22:53 debian kernel: [    0.017136] SRAT: PXM 0 -> APIC 0x10 -> Node 0
Aug 15 08:22:53 debian kernel: [    0.017136] SRAT: PXM 0 -> APIC 0x12 -> Node 0
Aug 15 08:22:53 debian kernel: [    0.017136] SRAT: PXM 0 -> APIC 0x14 -> Node 0
Aug 15 08:22:53 debian kernel: [    0.017137] SRAT: PXM 0 -> APIC 0x16 -> Node 0
Aug 15 08:22:53 debian kernel: [    0.017137] SRAT: PXM 0 -> APIC 0x18 -> Node 0
Aug 15 08:22:53 debian kernel: [    0.017137] SRAT: PXM 0 -> APIC 0x1a -> Node 0
Aug 15 08:22:53 debian kernel: [    0.017138] SRAT: PXM 0 -> APIC 0x1c -> Node 0
Aug 15 08:22:53 debian kernel: [    0.017138] SRAT: PXM 0 -> APIC 0x1e -> Node 0
Aug 15 08:22:53 debian kernel: [    0.017138] SRAT: PXM 0 -> APIC 0x20 -> Node 0
Aug 15 08:22:53 debian kernel: [    0.017139] SRAT: PXM 0 -> APIC 0x22 -> Node 0
Aug 15 08:22:53 debian kernel: [    0.017139] SRAT: PXM 0 -> APIC 0x24 -> Node 0
Aug 15 08:22:53 debian kernel: [    0.017139] SRAT: PXM 0 -> APIC 0x26 -> Node 0
Aug 15 08:22:53 debian kernel: [    0.017140] SRAT: PXM 0 -> APIC 0x28 -> Node 0
Aug 15 08:22:53 debian kernel: [    0.017140] SRAT: PXM 0 -> APIC 0x2a -> Node 0
Aug 15 08:22:53 debian kernel: [    0.017140] SRAT: PXM 0 -> APIC 0x2c -> Node 0
Aug 15 08:22:53 debian kernel: [    0.017141] SRAT: PXM 0 -> APIC 0x2e -> Node 0
Aug 15 08:22:53 debian kernel: [    0.017141] SRAT: PXM 0 -> APIC 0x30 -> Node 0
Aug 15 08:22:53 debian kernel: [    0.017142] SRAT: PXM 0 -> APIC 0x32 -> Node 0
Aug 15 08:22:53 debian kernel: [    0.017142] SRAT: PXM 0 -> APIC 0x34 -> Node 0
Aug 15 08:22:53 debian kernel: [    0.017142] SRAT: PXM 0 -> APIC 0x36 -> Node 0
Aug 15 08:22:53 debian kernel: [    0.017143] SRAT: PXM 0 -> APIC 0x38 -> Node 0
Aug 15 08:22:53 debian kernel: [    0.017143] SRAT: PXM 0 -> APIC 0x3a -> Node 0
Aug 15 08:22:53 debian kernel: [    0.017143] SRAT: PXM 0 -> APIC 0x3c -> Node 0
Aug 15 08:22:53 debian kernel: [    0.017144] SRAT: PXM 0 -> APIC 0x3e -> Node 0
Aug 15 08:22:53 debian kernel: [    0.017144] SRAT: PXM 0 -> APIC 0x40 -> Node 0
Aug 15 08:22:53 debian kernel: [    0.017144] SRAT: PXM 0 -> APIC 0x42 -> Node 0
Aug 15 08:22:53 debian kernel: [    0.017145] SRAT: PXM 0 -> APIC 0x44 -> Node 0
Aug 15 08:22:53 debian kernel: [    0.017145] SRAT: PXM 0 -> APIC 0x46 -> Node 0
Aug 15 08:22:53 debian kernel: [    0.017145] SRAT: PXM 0 -> APIC 0x48 -> Node 0
Aug 15 08:22:53 debian kernel: [    0.017146] SRAT: PXM 0 -> APIC 0x4a -> Node 0
Aug 15 08:22:53 debian kernel: [    0.017146] SRAT: PXM 0 -> APIC 0x4c -> Node 0
Aug 15 08:22:53 debian kernel: [    0.017146] SRAT: PXM 0 -> APIC 0x4e -> Node 0
Aug 15 08:22:53 debian kernel: [    0.017147] SRAT: PXM 0 -> APIC 0x50 -> Node 0
Aug 15 08:22:53 debian kernel: [    0.017147] SRAT: PXM 0 -> APIC 0x52 -> Node 0
Aug 15 08:22:53 debian kernel: [    0.017148] SRAT: PXM 0 -> APIC 0x54 -> Node 0
Aug 15 08:22:53 debian kernel: [    0.017148] SRAT: PXM 0 -> APIC 0x56 -> Node 0
Aug 15 08:22:53 debian kernel: [    0.017148] SRAT: PXM 0 -> APIC 0x58 -> Node 0
Aug 15 08:22:53 debian kernel: [    0.017149] SRAT: PXM 0 -> APIC 0x5a -> Node 0
Aug 15 08:22:53 debian kernel: [    0.017149] SRAT: PXM 0 -> APIC 0x5c -> Node 0
Aug 15 08:22:53 debian kernel: [    0.017149] SRAT: PXM 0 -> APIC 0x5e -> Node 0
Aug 15 08:22:53 debian kernel: [    0.017150] SRAT: PXM 0 -> APIC 0x60 -> Node 0
Aug 15 08:22:53 debian kernel: [    0.017150] SRAT: PXM 0 -> APIC 0x62 -> Node 0
Aug 15 08:22:53 debian kernel: [    0.017150] SRAT: PXM 0 -> APIC 0x64 -> Node 0
Aug 15 08:22:53 debian kernel: [    0.017151] SRAT: PXM 0 -> APIC 0x66 -> Node 0
Aug 15 08:22:53 debian kernel: [    0.017151] SRAT: PXM 0 -> APIC 0x68 -> Node 0
Aug 15 08:22:53 debian kernel: [    0.017151] SRAT: PXM 0 -> APIC 0x6a -> Node 0
Aug 15 08:22:53 debian kernel: [    0.017152] SRAT: PXM 0 -> APIC 0x6c -> Node 0
Aug 15 08:22:53 debian kernel: [    0.017152] SRAT: PXM 0 -> APIC 0x6e -> Node 0
Aug 15 08:22:53 debian kernel: [    0.017152] SRAT: PXM 0 -> APIC 0x70 -> Node 0
Aug 15 08:22:53 debian kernel: [    0.017153] SRAT: PXM 0 -> APIC 0x72 -> Node 0
Aug 15 08:22:53 debian kernel: [    0.017153] SRAT: PXM 0 -> APIC 0x74 -> Node 0
Aug 15 08:22:53 debian kernel: [    0.017154] SRAT: PXM 0 -> APIC 0x76 -> Node 0
Aug 15 08:22:53 debian kernel: [    0.017154] SRAT: PXM 0 -> APIC 0x78 -> Node 0
Aug 15 08:22:53 debian kernel: [    0.017154] SRAT: PXM 0 -> APIC 0x7a -> Node 0
Aug 15 08:22:53 debian kernel: [    0.017155] SRAT: PXM 0 -> APIC 0x7c -> Node 0
Aug 15 08:22:53 debian kernel: [    0.017155] SRAT: PXM 0 -> APIC 0x7e -> Node 0
Aug 15 08:22:53 debian kernel: [    0.017155] SRAT: PXM 0 -> APIC 0x80 -> Node 0
Aug 15 08:22:53 debian kernel: [    0.017156] SRAT: PXM 0 -> APIC 0x82 -> Node 0
Aug 15 08:22:53 debian kernel: [    0.017156] SRAT: PXM 0 -> APIC 0x84 -> Node 0
Aug 15 08:22:53 debian kernel: [    0.017156] SRAT: PXM 0 -> APIC 0x86 -> Node 0
Aug 15 08:22:53 debian kernel: [    0.017157] SRAT: PXM 0 -> APIC 0x88 -> Node 0
Aug 15 08:22:53 debian kernel: [    0.017157] SRAT: PXM 0 -> APIC 0x8a -> Node 0
Aug 15 08:22:53 debian kernel: [    0.017157] SRAT: PXM 0 -> APIC 0x8c -> Node 0
Aug 15 08:22:53 debian kernel: [    0.017158] SRAT: PXM 0 -> APIC 0x8e -> Node 0
Aug 15 08:22:53 debian kernel: [    0.017158] SRAT: PXM 0 -> APIC 0x90 -> Node 0
Aug 15 08:22:53 debian kernel: [    0.017158] SRAT: PXM 0 -> APIC 0x92 -> Node 0
Aug 15 08:22:53 debian kernel: [    0.017159] SRAT: PXM 0 -> APIC 0x94 -> Node 0
Aug 15 08:22:53 debian kernel: [    0.017159] SRAT: PXM 0 -> APIC 0x96 -> Node 0
Aug 15 08:22:53 debian kernel: [    0.017160] SRAT: PXM 0 -> APIC 0x98 -> Node 0
Aug 15 08:22:53 debian kernel: [    0.017160] SRAT: PXM 0 -> APIC 0x9a -> Node 0
Aug 15 08:22:53 debian kernel: [    0.017160] SRAT: PXM 0 -> APIC 0x9c -> Node 0
Aug 15 08:22:53 debian kernel: [    0.017161] SRAT: PXM 0 -> APIC 0x9e -> Node 0
Aug 15 08:22:53 debian kernel: [    0.017161] SRAT: PXM 0 -> APIC 0xa0 -> Node 0
Aug 15 08:22:53 debian kernel: [    0.017161] SRAT: PXM 0 -> APIC 0xa2 -> Node 0
Aug 15 08:22:53 debian kernel: [    0.017162] SRAT: PXM 0 -> APIC 0xa4 -> Node 0
Aug 15 08:22:53 debian kernel: [    0.017162] SRAT: PXM 0 -> APIC 0xa6 -> Node 0
Aug 15 08:22:53 debian kernel: [    0.017162] SRAT: PXM 0 -> APIC 0xa8 -> Node 0
Aug 15 08:22:53 debian kernel: [    0.017163] SRAT: PXM 0 -> APIC 0xaa -> Node 0
Aug 15 08:22:53 debian kernel: [    0.017163] SRAT: PXM 0 -> APIC 0xac -> Node 0
Aug 15 08:22:53 debian kernel: [    0.017163] SRAT: PXM 0 -> APIC 0xae -> Node 0
Aug 15 08:22:53 debian kernel: [    0.017164] SRAT: PXM 0 -> APIC 0xb0 -> Node 0
Aug 15 08:22:53 debian kernel: [    0.017164] SRAT: PXM 0 -> APIC 0xb2 -> Node 0
Aug 15 08:22:53 debian kernel: [    0.017164] SRAT: PXM 0 -> APIC 0xb4 -> Node 0
Aug 15 08:22:53 debian kernel: [    0.017165] SRAT: PXM 0 -> APIC 0xb6 -> Node 0
Aug 15 08:22:53 debian kernel: [    0.017165] SRAT: PXM 0 -> APIC 0xb8 -> Node 0
Aug 15 08:22:53 debian kernel: [    0.017165] SRAT: PXM 0 -> APIC 0xba -> Node 0
Aug 15 08:22:53 debian kernel: [    0.017166] SRAT: PXM 0 -> APIC 0xbc -> Node 0
Aug 15 08:22:53 debian kernel: [    0.017166] SRAT: PXM 0 -> APIC 0xbe -> Node 0
Aug 15 08:22:53 debian kernel: [    0.017167] SRAT: PXM 0 -> APIC 0xc0 -> Node 0
Aug 15 08:22:53 debian kernel: [    0.017167] SRAT: PXM 0 -> APIC 0xc2 -> Node 0
Aug 15 08:22:53 debian kernel: [    0.017167] SRAT: PXM 0 -> APIC 0xc4 -> Node 0
Aug 15 08:22:53 debian kernel: [    0.017168] SRAT: PXM 0 -> APIC 0xc6 -> Node 0
Aug 15 08:22:53 debian kernel: [    0.017168] SRAT: PXM 0 -> APIC 0xc8 -> Node 0
Aug 15 08:22:53 debian kernel: [    0.017168] SRAT: PXM 0 -> APIC 0xca -> Node 0
Aug 15 08:22:53 debian kernel: [    0.017169] SRAT: PXM 0 -> APIC 0xcc -> Node 0
Aug 15 08:22:53 debian kernel: [    0.017169] SRAT: PXM 0 -> APIC 0xce -> Node 0
Aug 15 08:22:53 debian kernel: [    0.017169] SRAT: PXM 0 -> APIC 0xd0 -> Node 0
Aug 15 08:22:53 debian kernel: [    0.017170] SRAT: PXM 0 -> APIC 0xd2 -> Node 0
Aug 15 08:22:53 debian kernel: [    0.017170] SRAT: PXM 0 -> APIC 0xd4 -> Node 0
Aug 15 08:22:53 debian kernel: [    0.017170] SRAT: PXM 0 -> APIC 0xd6 -> Node 0
Aug 15 08:22:53 debian kernel: [    0.017171] SRAT: PXM 0 -> APIC 0xd8 -> Node 0
Aug 15 08:22:53 debian kernel: [    0.017171] SRAT: PXM 0 -> APIC 0xda -> Node 0
Aug 15 08:22:53 debian kernel: [    0.017171] SRAT: PXM 0 -> APIC 0xdc -> Node 0
Aug 15 08:22:53 debian kernel: [    0.017172] SRAT: PXM 0 -> APIC 0xde -> Node 0
Aug 15 08:22:53 debian kernel: [    0.017172] SRAT: PXM 0 -> APIC 0xe0 -> Node 0
Aug 15 08:22:53 debian kernel: [    0.017173] SRAT: PXM 0 -> APIC 0xe2 -> Node 0
Aug 15 08:22:53 debian kernel: [    0.017173] SRAT: PXM 0 -> APIC 0xe4 -> Node 0
Aug 15 08:22:53 debian kernel: [    0.017173] SRAT: PXM 0 -> APIC 0xe6 -> Node 0
Aug 15 08:22:53 debian kernel: [    0.017174] SRAT: PXM 0 -> APIC 0xe8 -> Node 0
Aug 15 08:22:53 debian kernel: [    0.017174] SRAT: PXM 0 -> APIC 0xea -> Node 0
Aug 15 08:22:53 debian kernel: [    0.017174] SRAT: PXM 0 -> APIC 0xec -> Node 0
Aug 15 08:22:53 debian kernel: [    0.017175] SRAT: PXM 0 -> APIC 0xee -> Node 0
Aug 15 08:22:53 debian kernel: [    0.017175] SRAT: PXM 0 -> APIC 0xf0 -> Node 0
Aug 15 08:22:53 debian kernel: [    0.017175] SRAT: PXM 0 -> APIC 0xf2 -> Node 0
Aug 15 08:22:53 debian kernel: [    0.017176] SRAT: PXM 0 -> APIC 0xf4 -> Node 0
Aug 15 08:22:53 debian kernel: [    0.017176] SRAT: PXM 0 -> APIC 0xf6 -> Node 0
Aug 15 08:22:53 debian kernel: [    0.017176] SRAT: PXM 0 -> APIC 0xf8 -> Node 0
Aug 15 08:22:53 debian kernel: [    0.017177] SRAT: PXM 0 -> APIC 0xfa -> Node 0
Aug 15 08:22:53 debian kernel: [    0.017177] SRAT: PXM 0 -> APIC 0xfc -> Node 0
Aug 15 08:22:53 debian kernel: [    0.017177] SRAT: PXM 0 -> APIC 0xfe -> Node 0
Aug 15 08:22:53 debian kernel: [    0.017180] ACPI: SRAT: Node 0 PXM 0 [mem 0x00000000-0x0009ffff]
Aug 15 08:22:53 debian kernel: [    0.017181] ACPI: SRAT: Node 0 PXM 0 [mem 0x00100000-0x7fffffff]
Aug 15 08:22:53 debian kernel: [    0.017183] NUMA: Node 0 [mem 0x00000000-0x0009ffff] + [mem 0x00100000-0x7fffffff] -> [mem 0x00000000-0x7fffffff]
Aug 15 08:22:53 debian kernel: [    0.017186] NODE_DATA(0) allocated [mem 0x7fffb000-0x7fffffff]
Aug 15 08:22:53 debian kernel: [    0.017204] Zone ranges:
Aug 15 08:22:53 debian kernel: [    0.017205]   DMA      [mem 0x0000000000001000-0x0000000000ffffff]
Aug 15 08:22:53 debian kernel: [    0.017206]   DMA32    [mem 0x0000000001000000-0x000000007fffffff]
Aug 15 08:22:53 debian kernel: [    0.017207]   Normal   empty
Aug 15 08:22:53 debian kernel: [    0.017207]   Device   empty
Aug 15 08:22:53 debian kernel: [    0.017208] Movable zone start for each node
Aug 15 08:22:53 debian kernel: [    0.017208] Early memory node ranges
Aug 15 08:22:53 debian kernel: [    0.017209]   node   0: [mem 0x0000000000001000-0x000000000009ffff]
Aug 15 08:22:53 debian kernel: [    0.017209]   node   0: [mem 0x0000000000100000-0x000000000ef24fff]
Aug 15 08:22:53 debian kernel: [    0.017209]   node   0: [mem 0x000000000ef2e000-0x000000000ef3cfff]
Aug 15 08:22:53 debian kernel: [    0.017210]   node   0: [mem 0x000000000ef48000-0x000000000ef60fff]
Aug 15 08:22:53 debian kernel: [    0.017210]   node   0: [mem 0x000000000ef66000-0x000000000fee6fff]
Aug 15 08:22:53 debian kernel: [    0.017211]   node   0: [mem 0x000000000ff77000-0x000000007fffffff]
Aug 15 08:22:53 debian kernel: [    0.017215] Zeroed struct page in unavailable ranges: 266 pages
Aug 15 08:22:53 debian kernel: [    0.017215] Initmem setup node 0 [mem 0x0000000000001000-0x000000007fffffff]
Aug 15 08:22:53 debian kernel: [    0.017216] On node 0 totalpages: 524022
Aug 15 08:22:53 debian kernel: [    0.017217]   DMA zone: 64 pages used for memmap
Aug 15 08:22:53 debian kernel: [    0.017218]   DMA zone: 23 pages reserved
Aug 15 08:22:53 debian kernel: [    0.017218]   DMA zone: 3999 pages, LIFO batch:0
Aug 15 08:22:53 debian kernel: [    0.017282]   DMA32 zone: 8128 pages used for memmap
Aug 15 08:22:53 debian kernel: [    0.017282]   DMA32 zone: 520023 pages, LIFO batch:63
Aug 15 08:22:53 debian kernel: [    0.028487] ACPI: PM-Timer IO Port: 0x448
Aug 15 08:22:53 debian kernel: [    0.028488] ACPI: Local APIC address 0xfee00000
Aug 15 08:22:53 debian kernel: [    0.028490] system APIC only can use physical flat
Aug 15 08:22:53 debian kernel: [    0.028497] ACPI: LAPIC_NMI (acpi_id[0x00] high edge lint[0x1])
Aug 15 08:22:53 debian kernel: [    0.028497] ACPI: LAPIC_NMI (acpi_id[0x01] high edge lint[0x1])
Aug 15 08:22:53 debian kernel: [    0.028498] ACPI: LAPIC_NMI (acpi_id[0x02] high edge lint[0x1])
Aug 15 08:22:53 debian kernel: [    0.028498] ACPI: LAPIC_NMI (acpi_id[0x03] high edge lint[0x1])
Aug 15 08:22:53 debian kernel: [    0.028498] ACPI: LAPIC_NMI (acpi_id[0x04] high edge lint[0x1])
Aug 15 08:22:53 debian kernel: [    0.028499] ACPI: LAPIC_NMI (acpi_id[0x05] high edge lint[0x1])
Aug 15 08:22:53 debian kernel: [    0.028499] ACPI: LAPIC_NMI (acpi_id[0x06] high edge lint[0x1])
Aug 15 08:22:53 debian kernel: [    0.028499] ACPI: LAPIC_NMI (acpi_id[0x07] high edge lint[0x1])
Aug 15 08:22:53 debian kernel: [    0.028500] ACPI: LAPIC_NMI (acpi_id[0x08] high edge lint[0x1])
Aug 15 08:22:53 debian kernel: [    0.028500] ACPI: LAPIC_NMI (acpi_id[0x09] high edge lint[0x1])
Aug 15 08:22:53 debian kernel: [    0.028500] ACPI: LAPIC_NMI (acpi_id[0x0a] high edge lint[0x1])
Aug 15 08:22:53 debian kernel: [    0.028501] ACPI: LAPIC_NMI (acpi_id[0x0b] high edge lint[0x1])
Aug 15 08:22:53 debian kernel: [    0.028501] ACPI: LAPIC_NMI (acpi_id[0x0c] high edge lint[0x1])
Aug 15 08:22:53 debian kernel: [    0.028501] ACPI: LAPIC_NMI (acpi_id[0x0d] high edge lint[0x1])
Aug 15 08:22:53 debian kernel: [    0.028502] ACPI: LAPIC_NMI (acpi_id[0x0e] high edge lint[0x1])
Aug 15 08:22:53 debian kernel: [    0.028502] ACPI: LAPIC_NMI (acpi_id[0x0f] high edge lint[0x1])
Aug 15 08:22:53 debian kernel: [    0.028502] ACPI: LAPIC_NMI (acpi_id[0x10] high edge lint[0x1])
Aug 15 08:22:53 debian kernel: [    0.028502] ACPI: LAPIC_NMI (acpi_id[0x11] high edge lint[0x1])
Aug 15 08:22:53 debian kernel: [    0.028503] ACPI: LAPIC_NMI (acpi_id[0x12] high edge lint[0x1])
Aug 15 08:22:53 debian kernel: [    0.028503] ACPI: LAPIC_NMI (acpi_id[0x13] high edge lint[0x1])
Aug 15 08:22:53 debian kernel: [    0.028503] ACPI: LAPIC_NMI (acpi_id[0x14] high edge lint[0x1])
Aug 15 08:22:53 debian kernel: [    0.028504] ACPI: LAPIC_NMI (acpi_id[0x15] high edge lint[0x1])
Aug 15 08:22:53 debian kernel: [    0.028504] ACPI: LAPIC_NMI (acpi_id[0x16] high edge lint[0x1])
Aug 15 08:22:53 debian kernel: [    0.028504] ACPI: LAPIC_NMI (acpi_id[0x17] high edge lint[0x1])
Aug 15 08:22:53 debian kernel: [    0.028505] ACPI: LAPIC_NMI (acpi_id[0x18] high edge lint[0x1])
Aug 15 08:22:53 debian kernel: [    0.028505] ACPI: LAPIC_NMI (acpi_id[0x19] high edge lint[0x1])
Aug 15 08:22:53 debian kernel: [    0.028505] ACPI: LAPIC_NMI (acpi_id[0x1a] high edge lint[0x1])
Aug 15 08:22:53 debian kernel: [    0.028506] ACPI: LAPIC_NMI (acpi_id[0x1b] high edge lint[0x1])
Aug 15 08:22:53 debian kernel: [    0.028506] ACPI: LAPIC_NMI (acpi_id[0x1c] high edge lint[0x1])
Aug 15 08:22:53 debian kernel: [    0.028506] ACPI: LAPIC_NMI (acpi_id[0x1d] high edge lint[0x1])
Aug 15 08:22:53 debian kernel: [    0.028507] ACPI: LAPIC_NMI (acpi_id[0x1e] high edge lint[0x1])
Aug 15 08:22:53 debian kernel: [    0.028507] ACPI: LAPIC_NMI (acpi_id[0x1f] high edge lint[0x1])
Aug 15 08:22:53 debian kernel: [    0.028507] ACPI: LAPIC_NMI (acpi_id[0x20] high edge lint[0x1])
Aug 15 08:22:53 debian kernel: [    0.028508] ACPI: LAPIC_NMI (acpi_id[0x21] high edge lint[0x1])
Aug 15 08:22:53 debian kernel: [    0.028508] ACPI: LAPIC_NMI (acpi_id[0x22] high edge lint[0x1])
Aug 15 08:22:53 debian kernel: [    0.028508] ACPI: LAPIC_NMI (acpi_id[0x23] high edge lint[0x1])
Aug 15 08:22:53 debian kernel: [    0.028508] ACPI: LAPIC_NMI (acpi_id[0x24] high edge lint[0x1])
Aug 15 08:22:53 debian kernel: [    0.028509] ACPI: LAPIC_NMI (acpi_id[0x25] high edge lint[0x1])
Aug 15 08:22:53 debian kernel: [    0.028509] ACPI: LAPIC_NMI (acpi_id[0x26] high edge lint[0x1])
Aug 15 08:22:53 debian kernel: [    0.028509] ACPI: LAPIC_NMI (acpi_id[0x27] high edge lint[0x1])
Aug 15 08:22:53 debian kernel: [    0.028510] ACPI: LAPIC_NMI (acpi_id[0x28] high edge lint[0x1])
Aug 15 08:22:53 debian kernel: [    0.028510] ACPI: LAPIC_NMI (acpi_id[0x29] high edge lint[0x1])
Aug 15 08:22:53 debian kernel: [    0.028510] ACPI: LAPIC_NMI (acpi_id[0x2a] high edge lint[0x1])
Aug 15 08:22:53 debian kernel: [    0.028511] ACPI: LAPIC_NMI (acpi_id[0x2b] high edge lint[0x1])
Aug 15 08:22:53 debian kernel: [    0.028511] ACPI: LAPIC_NMI (acpi_id[0x2c] high edge lint[0x1])
Aug 15 08:22:53 debian kernel: [    0.028511] ACPI: LAPIC_NMI (acpi_id[0x2d] high edge lint[0x1])
Aug 15 08:22:53 debian kernel: [    0.028512] ACPI: LAPIC_NMI (acpi_id[0x2e] high edge lint[0x1])
Aug 15 08:22:53 debian kernel: [    0.028512] ACPI: LAPIC_NMI (acpi_id[0x2f] high edge lint[0x1])
Aug 15 08:22:53 debian kernel: [    0.028512] ACPI: LAPIC_NMI (acpi_id[0x30] high edge lint[0x1])
Aug 15 08:22:53 debian kernel: [    0.028513] ACPI: LAPIC_NMI (acpi_id[0x31] high edge lint[0x1])
Aug 15 08:22:53 debian kernel: [    0.028513] ACPI: LAPIC_NMI (acpi_id[0x32] high edge lint[0x1])
Aug 15 08:22:53 debian kernel: [    0.028513] ACPI: LAPIC_NMI (acpi_id[0x33] high edge lint[0x1])
Aug 15 08:22:53 debian kernel: [    0.028513] ACPI: LAPIC_NMI (acpi_id[0x34] high edge lint[0x1])
Aug 15 08:22:53 debian kernel: [    0.028514] ACPI: LAPIC_NMI (acpi_id[0x35] high edge lint[0x1])
Aug 15 08:22:53 debian kernel: [    0.028514] ACPI: LAPIC_NMI (acpi_id[0x36] high edge lint[0x1])
Aug 15 08:22:53 debian kernel: [    0.028514] ACPI: LAPIC_NMI (acpi_id[0x37] high edge lint[0x1])
Aug 15 08:22:53 debian kernel: [    0.028515] ACPI: LAPIC_NMI (acpi_id[0x38] high edge lint[0x1])
Aug 15 08:22:53 debian kernel: [    0.028515] ACPI: LAPIC_NMI (acpi_id[0x39] high edge lint[0x1])
Aug 15 08:22:53 debian kernel: [    0.028515] ACPI: LAPIC_NMI (acpi_id[0x3a] high edge lint[0x1])
Aug 15 08:22:53 debian kernel: [    0.028516] ACPI: LAPIC_NMI (acpi_id[0x3b] high edge lint[0x1])
Aug 15 08:22:53 debian kernel: [    0.028516] ACPI: LAPIC_NMI (acpi_id[0x3c] high edge lint[0x1])
Aug 15 08:22:53 debian kernel: [    0.028516] ACPI: LAPIC_NMI (acpi_id[0x3d] high edge lint[0x1])
Aug 15 08:22:53 debian kernel: [    0.028517] ACPI: LAPIC_NMI (acpi_id[0x3e] high edge lint[0x1])
Aug 15 08:22:53 debian kernel: [    0.028517] ACPI: LAPIC_NMI (acpi_id[0x3f] high edge lint[0x1])
Aug 15 08:22:53 debian kernel: [    0.028517] ACPI: LAPIC_NMI (acpi_id[0x40] high edge lint[0x1])
Aug 15 08:22:53 debian kernel: [    0.028518] ACPI: LAPIC_NMI (acpi_id[0x41] high edge lint[0x1])
Aug 15 08:22:53 debian kernel: [    0.028518] ACPI: LAPIC_NMI (acpi_id[0x42] high edge lint[0x1])
Aug 15 08:22:53 debian kernel: [    0.028518] ACPI: LAPIC_NMI (acpi_id[0x43] high edge lint[0x1])
Aug 15 08:22:53 debian kernel: [    0.028518] ACPI: LAPIC_NMI (acpi_id[0x44] high edge lint[0x1])
Aug 15 08:22:53 debian kernel: [    0.028519] ACPI: LAPIC_NMI (acpi_id[0x45] high edge lint[0x1])
Aug 15 08:22:53 debian kernel: [    0.028519] ACPI: LAPIC_NMI (acpi_id[0x46] high edge lint[0x1])
Aug 15 08:22:53 debian kernel: [    0.028519] ACPI: LAPIC_NMI (acpi_id[0x47] high edge lint[0x1])
Aug 15 08:22:53 debian kernel: [    0.028520] ACPI: LAPIC_NMI (acpi_id[0x48] high edge lint[0x1])
Aug 15 08:22:53 debian kernel: [    0.028520] ACPI: LAPIC_NMI (acpi_id[0x49] high edge lint[0x1])
Aug 15 08:22:53 debian kernel: [    0.028520] ACPI: LAPIC_NMI (acpi_id[0x4a] high edge lint[0x1])
Aug 15 08:22:53 debian kernel: [    0.028521] ACPI: LAPIC_NMI (acpi_id[0x4b] high edge lint[0x1])
Aug 15 08:22:53 debian kernel: [    0.028521] ACPI: LAPIC_NMI (acpi_id[0x4c] high edge lint[0x1])
Aug 15 08:22:53 debian kernel: [    0.028521] ACPI: LAPIC_NMI (acpi_id[0x4d] high edge lint[0x1])
Aug 15 08:22:53 debian kernel: [    0.028522] ACPI: LAPIC_NMI (acpi_id[0x4e] high edge lint[0x1])
Aug 15 08:22:53 debian kernel: [    0.028522] ACPI: LAPIC_NMI (acpi_id[0x4f] high edge lint[0x1])
Aug 15 08:22:53 debian kernel: [    0.028522] ACPI: LAPIC_NMI (acpi_id[0x50] high edge lint[0x1])
Aug 15 08:22:53 debian kernel: [    0.028523] ACPI: LAPIC_NMI (acpi_id[0x51] high edge lint[0x1])
Aug 15 08:22:53 debian kernel: [    0.028523] ACPI: LAPIC_NMI (acpi_id[0x52] high edge lint[0x1])
Aug 15 08:22:53 debian kernel: [    0.028523] ACPI: LAPIC_NMI (acpi_id[0x53] high edge lint[0x1])
Aug 15 08:22:53 debian kernel: [    0.028523] ACPI: LAPIC_NMI (acpi_id[0x54] high edge lint[0x1])
Aug 15 08:22:53 debian kernel: [    0.028524] ACPI: LAPIC_NMI (acpi_id[0x55] high edge lint[0x1])
Aug 15 08:22:53 debian kernel: [    0.028524] ACPI: LAPIC_NMI (acpi_id[0x56] high edge lint[0x1])
Aug 15 08:22:53 debian kernel: [    0.028524] ACPI: LAPIC_NMI (acpi_id[0x57] high edge lint[0x1])
Aug 15 08:22:53 debian kernel: [    0.028525] ACPI: LAPIC_NMI (acpi_id[0x58] high edge lint[0x1])
Aug 15 08:22:53 debian kernel: [    0.028525] ACPI: LAPIC_NMI (acpi_id[0x59] high edge lint[0x1])
Aug 15 08:22:53 debian kernel: [    0.028525] ACPI: LAPIC_NMI (acpi_id[0x5a] high edge lint[0x1])
Aug 15 08:22:53 debian kernel: [    0.028526] ACPI: LAPIC_NMI (acpi_id[0x5b] high edge lint[0x1])
Aug 15 08:22:53 debian kernel: [    0.028526] ACPI: LAPIC_NMI (acpi_id[0x5c] high edge lint[0x1])
Aug 15 08:22:53 debian kernel: [    0.028526] ACPI: LAPIC_NMI (acpi_id[0x5d] high edge lint[0x1])
Aug 15 08:22:53 debian kernel: [    0.028527] ACPI: LAPIC_NMI (acpi_id[0x5e] high edge lint[0x1])
Aug 15 08:22:53 debian kernel: [    0.028527] ACPI: LAPIC_NMI (acpi_id[0x5f] high edge lint[0x1])
Aug 15 08:22:53 debian kernel: [    0.028527] ACPI: LAPIC_NMI (acpi_id[0x60] high edge lint[0x1])
Aug 15 08:22:53 debian kernel: [    0.028528] ACPI: LAPIC_NMI (acpi_id[0x61] high edge lint[0x1])
Aug 15 08:22:53 debian kernel: [    0.028528] ACPI: LAPIC_NMI (acpi_id[0x62] high edge lint[0x1])
Aug 15 08:22:53 debian kernel: [    0.028528] ACPI: LAPIC_NMI (acpi_id[0x63] high edge lint[0x1])
Aug 15 08:22:53 debian kernel: [    0.028528] ACPI: LAPIC_NMI (acpi_id[0x64] high edge lint[0x1])
Aug 15 08:22:53 debian kernel: [    0.028529] ACPI: LAPIC_NMI (acpi_id[0x65] high edge lint[0x1])
Aug 15 08:22:53 debian kernel: [    0.028529] ACPI: LAPIC_NMI (acpi_id[0x66] high edge lint[0x1])
Aug 15 08:22:53 debian kernel: [    0.028529] ACPI: LAPIC_NMI (acpi_id[0x67] high edge lint[0x1])
Aug 15 08:22:53 debian kernel: [    0.028530] ACPI: LAPIC_NMI (acpi_id[0x68] high edge lint[0x1])
Aug 15 08:22:53 debian kernel: [    0.028530] ACPI: LAPIC_NMI (acpi_id[0x69] high edge lint[0x1])
Aug 15 08:22:53 debian kernel: [    0.028530] ACPI: LAPIC_NMI (acpi_id[0x6a] high edge lint[0x1])
Aug 15 08:22:53 debian kernel: [    0.028531] ACPI: LAPIC_NMI (acpi_id[0x6b] high edge lint[0x1])
Aug 15 08:22:53 debian kernel: [    0.028531] ACPI: LAPIC_NMI (acpi_id[0x6c] high edge lint[0x1])
Aug 15 08:22:53 debian kernel: [    0.028531] ACPI: LAPIC_NMI (acpi_id[0x6d] high edge lint[0x1])
Aug 15 08:22:53 debian kernel: [    0.028532] ACPI: LAPIC_NMI (acpi_id[0x6e] high edge lint[0x1])
Aug 15 08:22:53 debian kernel: [    0.028532] ACPI: LAPIC_NMI (acpi_id[0x6f] high edge lint[0x1])
Aug 15 08:22:53 debian kernel: [    0.028532] ACPI: LAPIC_NMI (acpi_id[0x70] high edge lint[0x1])
Aug 15 08:22:53 debian kernel: [    0.028533] ACPI: LAPIC_NMI (acpi_id[0x71] high edge lint[0x1])
Aug 15 08:22:53 debian kernel: [    0.028533] ACPI: LAPIC_NMI (acpi_id[0x72] high edge lint[0x1])
Aug 15 08:22:53 debian kernel: [    0.028533] ACPI: LAPIC_NMI (acpi_id[0x73] high edge lint[0x1])
Aug 15 08:22:53 debian kernel: [    0.028533] ACPI: LAPIC_NMI (acpi_id[0x74] high edge lint[0x1])
Aug 15 08:22:53 debian kernel: [    0.028534] ACPI: LAPIC_NMI (acpi_id[0x75] high edge lint[0x1])
Aug 15 08:22:53 debian kernel: [    0.028534] ACPI: LAPIC_NMI (acpi_id[0x76] high edge lint[0x1])
Aug 15 08:22:53 debian kernel: [    0.028534] ACPI: LAPIC_NMI (acpi_id[0x77] high edge lint[0x1])
Aug 15 08:22:53 debian kernel: [    0.028535] ACPI: LAPIC_NMI (acpi_id[0x78] high edge lint[0x1])
Aug 15 08:22:53 debian kernel: [    0.028535] ACPI: LAPIC_NMI (acpi_id[0x79] high edge lint[0x1])
Aug 15 08:22:53 debian kernel: [    0.028535] ACPI: LAPIC_NMI (acpi_id[0x7a] high edge lint[0x1])
Aug 15 08:22:53 debian kernel: [    0.028536] ACPI: LAPIC_NMI (acpi_id[0x7b] high edge lint[0x1])
Aug 15 08:22:53 debian kernel: [    0.028536] ACPI: LAPIC_NMI (acpi_id[0x7c] high edge lint[0x1])
Aug 15 08:22:53 debian kernel: [    0.028536] ACPI: LAPIC_NMI (acpi_id[0x7d] high edge lint[0x1])
Aug 15 08:22:53 debian kernel: [    0.028537] ACPI: LAPIC_NMI (acpi_id[0x7e] high edge lint[0x1])
Aug 15 08:22:53 debian kernel: [    0.028537] ACPI: LAPIC_NMI (acpi_id[0x7f] high edge lint[0x1])
Aug 15 08:22:53 debian kernel: [    0.028562] IOAPIC[0]: apic_id 128, version 32, address 0xfec00000, GSI 0-23
Aug 15 08:22:53 debian kernel: [    0.028564] ACPI: INT_SRC_OVR (bus 0 bus_irq 0 global_irq 2 high edge)
Aug 15 08:22:53 debian kernel: [    0.028566] ACPI: IRQ0 used by override.
Aug 15 08:22:53 debian kernel: [    0.028566] ACPI: IRQ9 used by override.
Aug 15 08:22:53 debian kernel: [    0.028568] Using ACPI (MADT) for SMP configuration information
Aug 15 08:22:53 debian kernel: [    0.028569] ACPI: HPET id: 0x8086af01 base: 0xfed00000
Aug 15 08:22:53 debian kernel: [    0.028571] TSC deadline timer available
Aug 15 08:22:53 debian kernel: [    0.028577] smpboot: Allowing 128 CPUs, 127 hotplug CPUs
Aug 15 08:22:53 debian kernel: [    0.028590] PM: Registered nosave memory: [mem 0x00000000-0x00000fff]
Aug 15 08:22:53 debian kernel: [    0.028591] PM: Registered nosave memory: [mem 0x000a0000-0x000bffff]
Aug 15 08:22:53 debian kernel: [    0.028591] PM: Registered nosave memory: [mem 0x000c0000-0x000fffff]
Aug 15 08:22:53 debian kernel: [    0.028592] PM: Registered nosave memory: [mem 0x0ef25000-0x0ef2dfff]
Aug 15 08:22:53 debian kernel: [    0.028593] PM: Registered nosave memory: [mem 0x0ef3d000-0x0ef42fff]
Aug 15 08:22:53 debian kernel: [    0.028593] PM: Registered nosave memory: [mem 0x0ef43000-0x0ef47fff]
Aug 15 08:22:53 debian kernel: [    0.028594] PM: Registered nosave memory: [mem 0x0ef61000-0x0ef65fff]
Aug 15 08:22:53 debian kernel: [    0.028594] PM: Registered nosave memory: [mem 0x0fee7000-0x0ff06fff]
Aug 15 08:22:53 debian kernel: [    0.028595] PM: Registered nosave memory: [mem 0x0ff07000-0x0ff56fff]
Aug 15 08:22:53 debian kernel: [    0.028595] PM: Registered nosave memory: [mem 0x0ff57000-0x0ff72fff]
Aug 15 08:22:53 debian kernel: [    0.028595] PM: Registered nosave memory: [mem 0x0ff73000-0x0ff76fff]
Aug 15 08:22:53 debian kernel: [    0.028596] [mem 0x80000000-0xffbfffff] available for PCI devices
Aug 15 08:22:53 debian kernel: [    0.028597] Booting paravirtualized kernel on VMware hypervisor
Aug 15 08:22:53 debian kernel: [    0.028599] clocksource: refined-jiffies: mask: 0xffffffff max_cycles: 0xffffffff, max_idle_ns: 7645519600211568 ns
Aug 15 08:22:53 debian kernel: [    0.090631] random: get_random_bytes called from start_kernel+0x93/0x52f with crng_init=0
Aug 15 08:22:53 debian kernel: [    0.090637] setup_percpu: NR_CPUS:512 nr_cpumask_bits:512 nr_cpu_ids:128 nr_node_ids:1
Aug 15 08:22:53 debian kernel: [    0.098501] percpu: Embedded 45 pages/cpu s144408 r8192 d31720 u262144
Aug 15 08:22:53 debian kernel: [    0.098510] pcpu-alloc: s144408 r8192 d31720 u262144 alloc=1*2097152
Aug 15 08:22:53 debian kernel: [    0.098511] pcpu-alloc: [0] 000 001 002 003 004 005 006 007 
Aug 15 08:22:53 debian kernel: [    0.098512] pcpu-alloc: [0] 008 009 010 011 012 013 014 015 
Aug 15 08:22:53 debian kernel: [    0.098513] pcpu-alloc: [0] 016 017 018 019 020 021 022 023 
Aug 15 08:22:53 debian kernel: [    0.098514] pcpu-alloc: [0] 024 025 026 027 028 029 030 031 
Aug 15 08:22:53 debian kernel: [    0.098515] pcpu-alloc: [0] 032 033 034 035 036 037 038 039 
Aug 15 08:22:53 debian kernel: [    0.098516] pcpu-alloc: [0] 040 041 042 043 044 045 046 047 
Aug 15 08:22:53 debian kernel: [    0.098517] pcpu-alloc: [0] 048 049 050 051 052 053 054 055 
Aug 15 08:22:53 debian kernel: [    0.098519] pcpu-alloc: [0] 056 057 058 059 060 061 062 063 
Aug 15 08:22:53 debian kernel: [    0.098520] pcpu-alloc: [0] 064 065 066 067 068 069 070 071 
Aug 15 08:22:53 debian kernel: [    0.098521] pcpu-alloc: [0] 072 073 074 075 076 077 078 079 
Aug 15 08:22:53 debian kernel: [    0.098522] pcpu-alloc: [0] 080 081 082 083 084 085 086 087 
Aug 15 08:22:53 debian kernel: [    0.098523] pcpu-alloc: [0] 088 089 090 091 092 093 094 095 
Aug 15 08:22:53 debian kernel: [    0.098524] pcpu-alloc: [0] 096 097 098 099 100 101 102 103 
Aug 15 08:22:53 debian kernel: [    0.098525] pcpu-alloc: [0] 104 105 106 107 108 109 110 111 
Aug 15 08:22:53 debian kernel: [    0.098526] pcpu-alloc: [0] 112 113 114 115 116 117 118 119 
Aug 15 08:22:53 debian kernel: [    0.098527] pcpu-alloc: [0] 120 121 122 123 124 125 126 127 
Aug 15 08:22:53 debian kernel: [    0.098555] Built 1 zonelists, mobility grouping on.  Total pages: 515807
Aug 15 08:22:53 debian kernel: [    0.098555] Policy zone: DMA32
Aug 15 08:22:53 debian kernel: [    0.098557] Kernel command line: BOOT_IMAGE=/boot/vmlinuz-4.19.0-10-amd64 root=UUID=6aa93a80-cb66-4820-81b2-8aabef777ba2 ro quiet
Aug 15 08:22:53 debian kernel: [    0.098583] log_buf_len individual max cpu contribution: 4096 bytes
Aug 15 08:22:53 debian kernel: [    0.098583] log_buf_len total cpu_extra contributions: 520192 bytes
Aug 15 08:22:53 debian kernel: [    0.098583] log_buf_len min size: 131072 bytes
Aug 15 08:22:53 debian kernel: [    0.098664] log_buf_len: 1048576 bytes
Aug 15 08:22:53 debian kernel: [    0.098665] early log buf free: 105592(80%)
Aug 15 08:22:53 debian kernel: [    0.100199] Calgary: detecting Calgary via BIOS EBDA area
Aug 15 08:22:53 debian kernel: [    0.100200] Calgary: Unable to locate Rio Grande table in EBDA - bailing!
Aug 15 08:22:53 debian kernel: [    0.103568] Memory: 1956696K/2096088K available (10252K kernel code, 1241K rwdata, 3316K rodata, 1592K init, 2272K bss, 139392K reserved, 0K cma-reserved)
Aug 15 08:22:53 debian kernel: [    0.103717] SLUB: HWalign=64, Order=0-3, MinObjects=0, CPUs=128, Nodes=1
Aug 15 08:22:53 debian kernel: [    0.103724] ftrace: allocating 31900 entries in 125 pages
Aug 15 08:22:53 debian kernel: [    0.111618] rcu: Hierarchical RCU implementation.
Aug 15 08:22:53 debian kernel: [    0.111619] rcu: 	RCU restricting CPUs from NR_CPUS=512 to nr_cpu_ids=128.
Aug 15 08:22:53 debian kernel: [    0.111619] rcu: Adjusting geometry for rcu_fanout_leaf=16, nr_cpu_ids=128
Aug 15 08:22:53 debian kernel: [    0.113439] NR_IRQS: 33024, nr_irqs: 1448, preallocated irqs: 16
Aug 15 08:22:53 debian kernel: [    0.113742] Console: colour dummy device 80x25
Aug 15 08:22:53 debian kernel: [    0.113745] console [tty0] enabled
Aug 15 08:22:53 debian kernel: [    0.113764] ACPI: Core revision 20180810
Aug 15 08:22:53 debian kernel: [    0.113981] clocksource: hpet: mask: 0xffffffff max_cycles: 0xffffffff, max_idle_ns: 133484882848 ns
Aug 15 08:22:53 debian kernel: [    0.114012] hpet clockevent registered
Aug 15 08:22:53 debian kernel: [    0.114019] APIC: Switch to symmetric I/O mode setup
Aug 15 08:22:53 debian kernel: [    0.114097] x2apic enabled
Aug 15 08:22:53 debian kernel: [    0.114141] Switched APIC routing to physical x2apic.
Aug 15 08:22:53 debian kernel: [    0.114378] ..TIMER: vector=0x30 apic1=0 pin1=2 apic2=-1 pin2=-1
Aug 15 08:22:53 debian kernel: [    0.114391] clocksource: tsc-early: mask: 0xffffffffffffffff max_cycles: 0x229746bbed0, max_idle_ns: 440795251907 ns
Aug 15 08:22:53 debian kernel: [    0.114402] Calibrating delay loop (skipped) preset value.. 4799.49 BogoMIPS (lpj=9598980)
Aug 15 08:22:53 debian kernel: [    0.114403] pid_max: default: 131072 minimum: 1024
Aug 15 08:22:53 debian kernel: [    0.114689] Security Framework initialized
Aug 15 08:22:53 debian kernel: [    0.114689] Yama: disabled by default; enable with sysctl kernel.yama.*
Aug 15 08:22:53 debian kernel: [    0.114876] AppArmor: AppArmor initialized
Aug 15 08:22:53 debian kernel: [    0.115359] Dentry cache hash table entries: 262144 (order: 9, 2097152 bytes)
Aug 15 08:22:53 debian kernel: [    0.115600] Inode-cache hash table entries: 131072 (order: 8, 1048576 bytes)
Aug 15 08:22:53 debian kernel: [    0.115618] Mount-cache hash table entries: 4096 (order: 3, 32768 bytes)
Aug 15 08:22:53 debian kernel: [    0.115627] Mountpoint-cache hash table entries: 4096 (order: 3, 32768 bytes)
Aug 15 08:22:53 debian kernel: [    0.115836] Disabled fast string operations
Aug 15 08:22:53 debian kernel: [    0.115879] Last level iTLB entries: 4KB 64, 2MB 8, 4MB 8
Aug 15 08:22:53 debian kernel: [    0.115879] Last level dTLB entries: 4KB 64, 2MB 0, 4MB 0, 1GB 4
Aug 15 08:22:53 debian kernel: [    0.115881] Spectre V1 : Mitigation: usercopy/swapgs barriers and __user pointer sanitization
Aug 15 08:22:53 debian kernel: [    0.115882] Spectre V2 : Mitigation: Enhanced IBRS
Aug 15 08:22:53 debian kernel: [    0.115882] Spectre V2 : Spectre v2 / SpectreRSB mitigation: Filling RSB on context switch
Aug 15 08:22:53 debian kernel: [    0.115887] Spectre V2 : mitigation: Enabling conditional Indirect Branch Prediction Barrier
Aug 15 08:22:53 debian kernel: [    0.115888] Speculative Store Bypass: Mitigation: Speculative Store Bypass disabled via prctl and seccomp
Aug 15 08:22:53 debian kernel: [    0.115889] SRBDS: Mitigation: TSX disabled
Aug 15 08:22:53 debian kernel: [    0.122772] smpboot: CPU0: Intel(R) Core(TM) i9-9980HK CPU @ 2.40GHz (family: 0x6, model: 0x9e, stepping: 0xd)
Aug 15 08:22:53 debian kernel: [    0.122868] Performance Events: Skylake events, core PMU driver.
Aug 15 08:22:53 debian kernel: [    0.122889] core: CPUID marked event: 'cpu cycles' unavailable
Aug 15 08:22:53 debian kernel: [    0.122889] core: CPUID marked event: 'instructions' unavailable
Aug 15 08:22:53 debian kernel: [    0.122889] core: CPUID marked event: 'bus cycles' unavailable
Aug 15 08:22:53 debian kernel: [    0.122889] core: CPUID marked event: 'cache references' unavailable
Aug 15 08:22:53 debian kernel: [    0.122889] core: CPUID marked event: 'cache misses' unavailable
Aug 15 08:22:53 debian kernel: [    0.122890] core: CPUID marked event: 'branch instructions' unavailable
Aug 15 08:22:53 debian kernel: [    0.122890] core: CPUID marked event: 'branch misses' unavailable
Aug 15 08:22:53 debian kernel: [    0.122892] ... version:                1
Aug 15 08:22:53 debian kernel: [    0.122892] ... bit width:              48
Aug 15 08:22:53 debian kernel: [    0.122892] ... generic registers:      4
Aug 15 08:22:53 debian kernel: [    0.122892] ... value mask:             0000ffffffffffff
Aug 15 08:22:53 debian kernel: [    0.122893] ... max period:             000000007fffffff
Aug 15 08:22:53 debian kernel: [    0.122893] ... fixed-purpose events:   0
Aug 15 08:22:53 debian kernel: [    0.122893] ... event mask:             000000000000000f
Aug 15 08:22:53 debian kernel: [    0.122947] rcu: Hierarchical SRCU implementation.
Aug 15 08:22:53 debian kernel: [    0.123194] random: crng done (trusting CPU's manufacturer)
Aug 15 08:22:53 debian kernel: [    0.123202] NMI watchdog: Perf NMI watchdog permanently disabled
Aug 15 08:22:53 debian kernel: [    0.124399] smp: Bringing up secondary CPUs ...
Aug 15 08:22:53 debian kernel: [    0.124400] smp: Brought up 1 node, 1 CPU
Aug 15 08:22:53 debian kernel: [    0.124400] smpboot: Max logical packages: 128
Aug 15 08:22:53 debian kernel: [    0.124402] smpboot: Total of 1 processors activated (4799.49 BogoMIPS)
Aug 15 08:22:53 debian kernel: [    0.124739] devtmpfs: initialized
Aug 15 08:22:53 debian kernel: [    0.124775] x86/mm: Memory block size: 128MB
Aug 15 08:22:53 debian kernel: [    0.124932] PM: Registering ACPI NVS region [mem 0x00000000-0x00000fff] (4096 bytes)
Aug 15 08:22:53 debian kernel: [    0.124933] PM: Registering ACPI NVS region [mem 0x0ef43000-0x0ef47fff] (20480 bytes)
Aug 15 08:22:53 debian kernel: [    0.124935] PM: Registering ACPI NVS region [mem 0x0ff73000-0x0ff76fff] (16384 bytes)
Aug 15 08:22:53 debian kernel: [    0.124964] clocksource: jiffies: mask: 0xffffffff max_cycles: 0xffffffff, max_idle_ns: 7645041785100000 ns
Aug 15 08:22:53 debian kernel: [    0.124996] futex hash table entries: 32768 (order: 9, 2097152 bytes)
Aug 15 08:22:53 debian kernel: [    0.125623] pinctrl core: initialized pinctrl subsystem
Aug 15 08:22:53 debian kernel: [    0.125905] NET: Registered protocol family 16
Aug 15 08:22:53 debian kernel: [    0.125941] audit: initializing netlink subsys (disabled)
Aug 15 08:22:53 debian kernel: [    0.125998] cpuidle: using governor ladder
Aug 15 08:22:53 debian kernel: [    0.125999] cpuidle: using governor menu
Aug 15 08:22:53 debian kernel: [    0.126014] ACPI: bus type PCI registered
Aug 15 08:22:53 debian kernel: [    0.126014] acpiphp: ACPI Hot Plug PCI Controller Driver version: 0.5
Aug 15 08:22:53 debian kernel: [    0.126157] PCI: MMCONFIG for domain 0000 [bus 00-7f] at [mem 0xe0000000-0xe7ffffff] (base 0xe0000000)
Aug 15 08:22:53 debian kernel: [    0.126158] PCI: not using MMCONFIG
Aug 15 08:22:53 debian kernel: [    0.126158] PCI: Using configuration type 1 for base access
Aug 15 08:22:53 debian kernel: [    0.126392] audit: type=2000 audit(1597476164.008:1): state=initialized audit_enabled=0 res=1
Aug 15 08:22:53 debian kernel: [    0.126392] HugeTLB registered 1.00 GiB page size, pre-allocated 0 pages
Aug 15 08:22:53 debian kernel: [    0.126392] HugeTLB registered 2.00 MiB page size, pre-allocated 0 pages
Aug 15 08:22:53 debian kernel: [    0.126392] ACPI: Added _OSI(Module Device)
Aug 15 08:22:53 debian kernel: [    0.126392] ACPI: Added _OSI(Processor Device)
Aug 15 08:22:53 debian kernel: [    0.126392] ACPI: Added _OSI(3.0 _SCP Extensions)
Aug 15 08:22:53 debian kernel: [    0.126392] ACPI: Added _OSI(Processor Aggregator Device)
Aug 15 08:22:53 debian kernel: [    0.126392] ACPI: Added _OSI(Linux-Dell-Video)
Aug 15 08:22:53 debian kernel: [    0.126392] ACPI: Added _OSI(Linux-Lenovo-NV-HDMI-Audio)
Aug 15 08:22:53 debian kernel: [    0.128742] ACPI: 1 ACPI AML tables successfully acquired and loaded
Aug 15 08:22:53 debian kernel: [    0.129647] ACPI: [Firmware Bug]: BIOS _OSI(Linux) query ignored
Aug 15 08:22:53 debian kernel: [    0.129650] ACPI: BIOS _OSI(Darwin) query ignored
Aug 15 08:22:53 debian kernel: [    0.141829] ACPI: Interpreter enabled
Aug 15 08:22:53 debian kernel: [    0.141835] ACPI: (supports S0 S1 S4 S5)
Aug 15 08:22:53 debian kernel: [    0.141836] ACPI: Using IOAPIC for interrupt routing
Aug 15 08:22:53 debian kernel: [    0.141846] PCI: MMCONFIG for domain 0000 [bus 00-7f] at [mem 0xe0000000-0xe7ffffff] (base 0xe0000000)
Aug 15 08:22:53 debian kernel: [    0.142309] PCI: MMCONFIG at [mem 0xe0000000-0xe7ffffff] reserved in ACPI motherboard resources
Aug 15 08:22:53 debian kernel: [    0.142315] PCI: Using host bridge windows from ACPI; if necessary, use "pci=nocrs" and report a bug
Aug 15 08:22:53 debian kernel: [    0.142628] ACPI: Enabled 4 GPEs in block 00 to 0F
Aug 15 08:22:53 debian kernel: [    0.162777] ACPI: PCI Root Bridge [PCI0] (domain 0000 [bus 00-7f])
Aug 15 08:22:53 debian kernel: [    0.162780] acpi PNP0A03:00: _OSC: OS supports [ExtendedConfig ASPM ClockPM Segments MSI]
Aug 15 08:22:53 debian kernel: [    0.162925] acpi PNP0A03:00: _OSC: platform does not support [AER LTR]
Aug 15 08:22:53 debian kernel: [    0.163052] acpi PNP0A03:00: _OSC: OS now controls [PCIeHotplug SHPCHotplug PME PCIeCapability]
Aug 15 08:22:53 debian kernel: [    0.163932] PCI host bridge to bus 0000:00
Aug 15 08:22:53 debian kernel: [    0.163934] pci_bus 0000:00: root bus resource [io  0x0d00-0xffff window]
Aug 15 08:22:53 debian kernel: [    0.163934] pci_bus 0000:00: root bus resource [io  0x0000-0x0cf7 window]
Aug 15 08:22:53 debian kernel: [    0.163935] pci_bus 0000:00: root bus resource [mem 0xfef00000-0xffdfffff window]
Aug 15 08:22:53 debian kernel: [    0.163935] pci_bus 0000:00: root bus resource [mem 0xfed45000-0xfedfffff window]
Aug 15 08:22:53 debian kernel: [    0.163936] pci_bus 0000:00: root bus resource [mem 0xfec10000-0xfed3ffff window]
Aug 15 08:22:53 debian kernel: [    0.163936] pci_bus 0000:00: root bus resource [mem 0xfa500000-0xfebfffff window]
Aug 15 08:22:53 debian kernel: [    0.163937] pci_bus 0000:00: root bus resource [mem 0xf0000000-0xfa4fffff pref window]
Aug 15 08:22:53 debian kernel: [    0.163937] pci_bus 0000:00: root bus resource [mem 0xc0000000-0xefffffff window]
Aug 15 08:22:53 debian kernel: [    0.163937] pci_bus 0000:00: root bus resource [mem 0x000a0000-0x000bffff window]
Aug 15 08:22:53 debian kernel: [    0.163938] pci_bus 0000:00: root bus resource [mem 0x000c4000-0x000c7fff window]
Aug 15 08:22:53 debian kernel: [    0.163938] pci_bus 0000:00: root bus resource [mem 0x000c8000-0x000cbfff window]
Aug 15 08:22:53 debian kernel: [    0.163939] pci_bus 0000:00: root bus resource [mem 0x000d4000-0x000d7fff window]
Aug 15 08:22:53 debian kernel: [    0.163939] pci_bus 0000:00: root bus resource [mem 0x000d8000-0x000dbfff window]
Aug 15 08:22:53 debian kernel: [    0.163940] pci_bus 0000:00: root bus resource [mem 0x000e4000-0x000e7fff window]
Aug 15 08:22:53 debian kernel: [    0.163940] pci_bus 0000:00: root bus resource [mem 0x000e8000-0x000ebfff window]
Aug 15 08:22:53 debian kernel: [    0.163941] pci_bus 0000:00: root bus resource [mem 0x000ec000-0x000effff window]
Aug 15 08:22:53 debian kernel: [    0.163941] pci_bus 0000:00: root bus resource [bus 00-7f]
Aug 15 08:22:53 debian kernel: [    0.164001] pci 0000:00:00.0: [8086:7190] type 00 class 0x060000
Aug 15 08:22:53 debian kernel: [    0.164817] pci 0000:00:01.0: [8086:7191] type 01 class 0x060400
Aug 15 08:22:53 debian kernel: [    0.165471] pci 0000:00:07.0: [8086:7110] type 00 class 0x060100
Aug 15 08:22:53 debian kernel: [    0.166437] pci 0000:00:07.1: [8086:7111] type 00 class 0x01018a
Aug 15 08:22:53 debian kernel: [    0.167272] pci 0000:00:07.1: reg 0x20: [io  0x2150-0x215f]
Aug 15 08:22:53 debian kernel: [    0.167614] pci 0000:00:07.1: legacy IDE quirk: reg 0x10: [io  0x01f0-0x01f7]
Aug 15 08:22:53 debian kernel: [    0.167615] pci 0000:00:07.1: legacy IDE quirk: reg 0x14: [io  0x03f6]
Aug 15 08:22:53 debian kernel: [    0.167615] pci 0000:00:07.1: legacy IDE quirk: reg 0x18: [io  0x0170-0x0177]
Aug 15 08:22:53 debian kernel: [    0.167616] pci 0000:00:07.1: legacy IDE quirk: reg 0x1c: [io  0x0376]
Aug 15 08:22:53 debian kernel: [    0.167839] pci 0000:00:07.3: [8086:7113] type 00 class 0x068000
Aug 15 08:22:53 debian kernel: [    0.168440] pci 0000:00:07.3: quirk: [io  0x0440-0x047f] claimed by PIIX4 ACPI
Aug 15 08:22:53 debian kernel: [    0.168861] pci 0000:00:07.7: [15ad:0740] type 00 class 0x088000
Aug 15 08:22:53 debian kernel: [    0.169133] pci 0000:00:07.7: reg 0x10: [io  0x2100-0x213f]
Aug 15 08:22:53 debian kernel: [    0.169257] pci 0000:00:07.7: reg 0x14: [mem 0xffbe0000-0xffbe1fff 64bit]
Aug 15 08:22:53 debian kernel: [    0.170254] pci 0000:00:0f.0: [15ad:0405] type 00 class 0x030000
Aug 15 08:22:53 debian kernel: [    0.171210] pci 0000:00:0f.0: reg 0x10: [io  0x2140-0x214f]
Aug 15 08:22:53 debian kernel: [    0.171998] pci 0000:00:0f.0: reg 0x14: [mem 0xf0000000-0xf7ffffff pref]
Aug 15 08:22:53 debian kernel: [    0.172777] pci 0000:00:0f.0: reg 0x18: [mem 0xfb800000-0xfbffffff]
Aug 15 08:22:53 debian kernel: [    0.175735] pci 0000:00:0f.0: reg 0x30: [mem 0xffff8000-0xffffffff pref]
Aug 15 08:22:53 debian kernel: [    0.175783] pci 0000:00:0f.0: BAR 1: assigned to efifb
Aug 15 08:22:53 debian kernel: [    0.176336] pci 0000:00:10.0: [1000:0030] type 00 class 0x010000
Aug 15 08:22:53 debian kernel: [    0.176802] pci 0000:00:10.0: reg 0x10: [io  0x2000-0x20ff]
Aug 15 08:22:53 debian kernel: [    0.177197] pci 0000:00:10.0: reg 0x14: [mem 0xffbc0000-0xffbdffff 64bit]
Aug 15 08:22:53 debian kernel: [    0.177592] pci 0000:00:10.0: reg 0x1c: [mem 0xffba0000-0xffbbffff 64bit]
Aug 15 08:22:53 debian kernel: [    0.178263] pci 0000:00:10.0: reg 0x30: [mem 0xffffc000-0xffffffff pref]
Aug 15 08:22:53 debian kernel: [    0.178864] pci 0000:00:11.0: [15ad:0790] type 01 class 0x060401
Aug 15 08:22:53 debian kernel: [    0.179846] pci 0000:00:15.0: [15ad:07a0] type 01 class 0x060400
Aug 15 08:22:53 debian kernel: [    0.180897] pci 0000:00:15.0: PME# supported from D0 D3hot D3cold
Aug 15 08:22:53 debian kernel: [    0.181330] pci 0000:00:15.1: [15ad:07a0] type 01 class 0x060400
Aug 15 08:22:53 debian kernel: [    0.182379] pci 0000:00:15.1: PME# supported from D0 D3hot D3cold
Aug 15 08:22:53 debian kernel: [    0.182801] pci 0000:00:15.2: [15ad:07a0] type 01 class 0x060400
Aug 15 08:22:53 debian kernel: [    0.183842] pci 0000:00:15.2: PME# supported from D0 D3hot D3cold
Aug 15 08:22:53 debian kernel: [    0.184274] pci 0000:00:15.3: [15ad:07a0] type 01 class 0x060400
Aug 15 08:22:53 debian kernel: [    0.185323] pci 0000:00:15.3: PME# supported from D0 D3hot D3cold
Aug 15 08:22:53 debian kernel: [    0.185754] pci 0000:00:15.4: [15ad:07a0] type 01 class 0x060400
Aug 15 08:22:53 debian kernel: [    0.186802] pci 0000:00:15.4: PME# supported from D0 D3hot D3cold
Aug 15 08:22:53 debian kernel: [    0.187234] pci 0000:00:15.5: [15ad:07a0] type 01 class 0x060400
Aug 15 08:22:53 debian kernel: [    0.188289] pci 0000:00:15.5: PME# supported from D0 D3hot D3cold
Aug 15 08:22:53 debian kernel: [    0.189138] pci 0000:00:15.6: [15ad:07a0] type 01 class 0x060400
Aug 15 08:22:53 debian kernel: [    0.190540] pci 0000:00:15.6: PME# supported from D0 D3hot D3cold
Aug 15 08:22:53 debian kernel: [    0.190979] pci 0000:00:15.7: [15ad:07a0] type 01 class 0x060400
Aug 15 08:22:53 debian kernel: [    0.192629] pci 0000:00:15.7: PME# supported from D0 D3hot D3cold
Aug 15 08:22:53 debian kernel: [    0.193069] pci 0000:00:16.0: [15ad:07a0] type 01 class 0x060400
Aug 15 08:22:53 debian kernel: [    0.194113] pci 0000:00:16.0: PME# supported from D0 D3hot D3cold
Aug 15 08:22:53 debian kernel: [    0.194555] pci 0000:00:16.1: [15ad:07a0] type 01 class 0x060400
Aug 15 08:22:53 debian kernel: [    0.195606] pci 0000:00:16.1: PME# supported from D0 D3hot D3cold
Aug 15 08:22:53 debian kernel: [    0.196043] pci 0000:00:16.2: [15ad:07a0] type 01 class 0x060400
Aug 15 08:22:53 debian kernel: [    0.197259] pci 0000:00:16.2: PME# supported from D0 D3hot D3cold
Aug 15 08:22:53 debian kernel: [    0.197812] pci 0000:00:16.3: [15ad:07a0] type 01 class 0x060400
Aug 15 08:22:53 debian kernel: [    0.199148] pci 0000:00:16.3: PME# supported from D0 D3hot D3cold
Aug 15 08:22:53 debian kernel: [    0.199597] pci 0000:00:16.4: [15ad:07a0] type 01 class 0x060400
Aug 15 08:22:53 debian kernel: [    0.200680] pci 0000:00:16.4: PME# supported from D0 D3hot D3cold
Aug 15 08:22:53 debian kernel: [    0.201124] pci 0000:00:16.5: [15ad:07a0] type 01 class 0x060400
Aug 15 08:22:53 debian kernel: [    0.202287] pci 0000:00:16.5: PME# supported from D0 D3hot D3cold
Aug 15 08:22:53 debian kernel: [    0.202725] pci 0000:00:16.6: [15ad:07a0] type 01 class 0x060400
Aug 15 08:22:53 debian kernel: [    0.203775] pci 0000:00:16.6: PME# supported from D0 D3hot D3cold
Aug 15 08:22:53 debian kernel: [    0.204210] pci 0000:00:16.7: [15ad:07a0] type 01 class 0x060400
Aug 15 08:22:53 debian kernel: [    0.205264] pci 0000:00:16.7: PME# supported from D0 D3hot D3cold
Aug 15 08:22:53 debian kernel: [    0.205700] pci 0000:00:17.0: [15ad:07a0] type 01 class 0x060400
Aug 15 08:22:53 debian kernel: [    0.206845] pci 0000:00:17.0: PME# supported from D0 D3hot D3cold
Aug 15 08:22:53 debian kernel: [    0.207276] pci 0000:00:17.1: [15ad:07a0] type 01 class 0x060400
Aug 15 08:22:53 debian kernel: [    0.208444] pci 0000:00:17.1: PME# supported from D0 D3hot D3cold
Aug 15 08:22:53 debian kernel: [    0.208977] pci 0000:00:17.2: [15ad:07a0] type 01 class 0x060400
Aug 15 08:22:53 debian kernel: [    0.210035] pci 0000:00:17.2: PME# supported from D0 D3hot D3cold
Aug 15 08:22:53 debian kernel: [    0.210465] pci 0000:00:17.3: [15ad:07a0] type 01 class 0x060400
Aug 15 08:22:53 debian kernel: [    0.211514] pci 0000:00:17.3: PME# supported from D0 D3hot D3cold
Aug 15 08:22:53 debian kernel: [    0.212067] pci 0000:00:17.4: [15ad:07a0] type 01 class 0x060400
Aug 15 08:22:53 debian kernel: [    0.213634] pci 0000:00:17.4: PME# supported from D0 D3hot D3cold
Aug 15 08:22:53 debian kernel: [    0.214198] pci 0000:00:17.5: [15ad:07a0] type 01 class 0x060400
Aug 15 08:22:53 debian kernel: [    0.215641] pci 0000:00:17.5: PME# supported from D0 D3hot D3cold
Aug 15 08:22:53 debian kernel: [    0.216071] pci 0000:00:17.6: [15ad:07a0] type 01 class 0x060400
Aug 15 08:22:53 debian kernel: [    0.217097] pci 0000:00:17.6: PME# supported from D0 D3hot D3cold
Aug 15 08:22:53 debian kernel: [    0.217526] pci 0000:00:17.7: [15ad:07a0] type 01 class 0x060400
Aug 15 08:22:53 debian kernel: [    0.218656] pci 0000:00:17.7: PME# supported from D0 D3hot D3cold
Aug 15 08:22:53 debian kernel: [    0.219086] pci 0000:00:18.0: [15ad:07a0] type 01 class 0x060400
Aug 15 08:22:53 debian kernel: [    0.220115] pci 0000:00:18.0: PME# supported from D0 D3hot D3cold
Aug 15 08:22:53 debian kernel: [    0.220542] pci 0000:00:18.1: [15ad:07a0] type 01 class 0x060400
Aug 15 08:22:53 debian kernel: [    0.221647] pci 0000:00:18.1: PME# supported from D0 D3hot D3cold
Aug 15 08:22:53 debian kernel: [    0.222071] pci 0000:00:18.2: [15ad:07a0] type 01 class 0x060400
Aug 15 08:22:53 debian kernel: [    0.223086] pci 0000:00:18.2: PME# supported from D0 D3hot D3cold
Aug 15 08:22:53 debian kernel: [    0.223511] pci 0000:00:18.3: [15ad:07a0] type 01 class 0x060400
Aug 15 08:22:53 debian kernel: [    0.224535] pci 0000:00:18.3: PME# supported from D0 D3hot D3cold
Aug 15 08:22:53 debian kernel: [    0.224961] pci 0000:00:18.4: [15ad:07a0] type 01 class 0x060400
Aug 15 08:22:53 debian kernel: [    0.225990] pci 0000:00:18.4: PME# supported from D0 D3hot D3cold
Aug 15 08:22:53 debian kernel: [    0.226413] pci 0000:00:18.5: [15ad:07a0] type 01 class 0x060400
Aug 15 08:22:53 debian kernel: [    0.227444] pci 0000:00:18.5: PME# supported from D0 D3hot D3cold
Aug 15 08:22:53 debian kernel: [    0.227866] pci 0000:00:18.6: [15ad:07a0] type 01 class 0x060400
Aug 15 08:22:53 debian kernel: [    0.229187] pci 0000:00:18.6: PME# supported from D0 D3hot D3cold
Aug 15 08:22:53 debian kernel: [    0.229612] pci 0000:00:18.7: [15ad:07a0] type 01 class 0x060400
Aug 15 08:22:53 debian kernel: [    0.230636] pci 0000:00:18.7: PME# supported from D0 D3hot D3cold
Aug 15 08:22:53 debian kernel: [    0.231118] pci_bus 0000:01: extended config space not accessible
Aug 15 08:22:53 debian kernel: [    0.231168] pci 0000:00:01.0: PCI bridge to [bus 01]
Aug 15 08:22:53 debian kernel: [    0.231456] pci_bus 0000:02: extended config space not accessible
Aug 15 08:22:53 debian kernel: [    0.231584] acpiphp: Slot [32] registered
Aug 15 08:22:53 debian kernel: [    0.231635] acpiphp: Slot [33] registered
Aug 15 08:22:53 debian kernel: [    0.231685] acpiphp: Slot [34] registered
Aug 15 08:22:53 debian kernel: [    0.231733] acpiphp: Slot [35] registered
Aug 15 08:22:53 debian kernel: [    0.231780] acpiphp: Slot [36] registered
Aug 15 08:22:53 debian kernel: [    0.231832] acpiphp: Slot [37] registered
Aug 15 08:22:53 debian kernel: [    0.231883] acpiphp: Slot [38] registered
Aug 15 08:22:53 debian kernel: [    0.231930] acpiphp: Slot [39] registered
Aug 15 08:22:53 debian kernel: [    0.231978] acpiphp: Slot [40] registered
Aug 15 08:22:53 debian kernel: [    0.232026] acpiphp: Slot [41] registered
Aug 15 08:22:53 debian kernel: [    0.232075] acpiphp: Slot [42] registered
Aug 15 08:22:53 debian kernel: [    0.232122] acpiphp: Slot [43] registered
Aug 15 08:22:53 debian kernel: [    0.232168] acpiphp: Slot [44] registered
Aug 15 08:22:53 debian kernel: [    0.232216] acpiphp: Slot [45] registered
Aug 15 08:22:53 debian kernel: [    0.232265] acpiphp: Slot [46] registered
Aug 15 08:22:53 debian kernel: [    0.232313] acpiphp: Slot [47] registered
Aug 15 08:22:53 debian kernel: [    0.232358] acpiphp: Slot [48] registered
Aug 15 08:22:53 debian kernel: [    0.232407] acpiphp: Slot [49] registered
Aug 15 08:22:53 debian kernel: [    0.232458] acpiphp: Slot [50] registered
Aug 15 08:22:53 debian kernel: [    0.232505] acpiphp: Slot [51] registered
Aug 15 08:22:53 debian kernel: [    0.232551] acpiphp: Slot [52] registered
Aug 15 08:22:53 debian kernel: [    0.232601] acpiphp: Slot [53] registered
Aug 15 08:22:53 debian kernel: [    0.232650] acpiphp: Slot [54] registered
Aug 15 08:22:53 debian kernel: [    0.232696] acpiphp: Slot [55] registered
Aug 15 08:22:53 debian kernel: [    0.232742] acpiphp: Slot [56] registered
Aug 15 08:22:53 debian kernel: [    0.232790] acpiphp: Slot [57] registered
Aug 15 08:22:53 debian kernel: [    0.232839] acpiphp: Slot [58] registered
Aug 15 08:22:53 debian kernel: [    0.232887] acpiphp: Slot [59] registered
Aug 15 08:22:53 debian kernel: [    0.232932] acpiphp: Slot [60] registered
Aug 15 08:22:53 debian kernel: [    0.232979] acpiphp: Slot [61] registered
Aug 15 08:22:53 debian kernel: [    0.233029] acpiphp: Slot [62] registered
Aug 15 08:22:53 debian kernel: [    0.233077] acpiphp: Slot [63] registered
Aug 15 08:22:53 debian kernel: [    0.233171] pci 0000:02:00.0: [15ad:0774] type 00 class 0x0c0300
Aug 15 08:22:53 debian kernel: [    0.233984] pci 0000:02:00.0: reg 0x20: [io  0x1080-0x109f]
Aug 15 08:22:53 debian kernel: [    0.234859] pci 0000:02:01.0: [8086:100f] type 00 class 0x020000
Aug 15 08:22:53 debian kernel: [    0.235334] pci 0000:02:01.0: reg 0x10: [mem 0xfc000000-0xfc01ffff 64bit]
Aug 15 08:22:53 debian kernel: [    0.235721] pci 0000:02:01.0: reg 0x18: [mem 0xfc020000-0xfc02ffff 64bit]
Aug 15 08:22:53 debian kernel: [    0.236057] pci 0000:02:01.0: reg 0x20: [io  0x1040-0x107f]
Aug 15 08:22:53 debian kernel: [    0.236791] pci 0000:02:01.0: reg 0x30: [mem 0xffff0000-0xffffffff pref]
Aug 15 08:22:53 debian kernel: [    0.237194] pci 0000:02:01.0: PME# supported from D0 D3hot D3cold
Aug 15 08:22:53 debian kernel: [    0.237486] pci 0000:02:02.0: [1274:1371] type 00 class 0x040100
Aug 15 08:22:53 debian kernel: [    0.237633] pci 0000:02:02.0: reg 0x10: [io  0x1000-0x103f]
Aug 15 08:22:53 debian kernel: [    0.238721] pci 0000:02:03.0: [15ad:0770] type 00 class 0x0c0320
Aug 15 08:22:53 debian kernel: [    0.238999] pci 0000:02:03.0: reg 0x10: [mem 0xfc040000-0xfc040fff]
Aug 15 08:22:53 debian kernel: [    0.240999] pci 0000:00:11.0: PCI bridge to [bus 02] (subtractive decode)
Aug 15 08:22:53 debian kernel: [    0.241024] pci 0000:00:11.0:   bridge window [io  0x1000-0x1fff]
Aug 15 08:22:53 debian kernel: [    0.241053] pci 0000:00:11.0:   bridge window [mem 0xfc000000-0xfc9fffff]
Aug 15 08:22:53 debian kernel: [    0.241106] pci 0000:00:11.0:   bridge window [mem 0xf8000000-0xf84fffff 64bit pref]
Aug 15 08:22:53 debian kernel: [    0.241107] pci 0000:00:11.0:   bridge window [io  0x0d00-0xffff window] (subtractive decode)
Aug 15 08:22:53 debian kernel: [    0.241107] pci 0000:00:11.0:   bridge window [io  0x0000-0x0cf7 window] (subtractive decode)
Aug 15 08:22:53 debian kernel: [    0.241108] pci 0000:00:11.0:   bridge window [mem 0xfef00000-0xffdfffff window] (subtractive decode)
Aug 15 08:22:53 debian kernel: [    0.241108] pci 0000:00:11.0:   bridge window [mem 0xfed45000-0xfedfffff window] (subtractive decode)
Aug 15 08:22:53 debian kernel: [    0.241109] pci 0000:00:11.0:   bridge window [mem 0xfec10000-0xfed3ffff window] (subtractive decode)
Aug 15 08:22:53 debian kernel: [    0.241109] pci 0000:00:11.0:   bridge window [mem 0xfa500000-0xfebfffff window] (subtractive decode)
Aug 15 08:22:53 debian kernel: [    0.241110] pci 0000:00:11.0:   bridge window [mem 0xf0000000-0xfa4fffff pref window] (subtractive decode)
Aug 15 08:22:53 debian kernel: [    0.241110] pci 0000:00:11.0:   bridge window [mem 0xc0000000-0xefffffff window] (subtractive decode)
Aug 15 08:22:53 debian kernel: [    0.241111] pci 0000:00:11.0:   bridge window [mem 0x000a0000-0x000bffff window] (subtractive decode)
Aug 15 08:22:53 debian kernel: [    0.241111] pci 0000:00:11.0:   bridge window [mem 0x000c4000-0x000c7fff window] (subtractive decode)
Aug 15 08:22:53 debian kernel: [    0.241111] pci 0000:00:11.0:   bridge window [mem 0x000c8000-0x000cbfff window] (subtractive decode)
Aug 15 08:22:53 debian kernel: [    0.241112] pci 0000:00:11.0:   bridge window [mem 0x000d4000-0x000d7fff window] (subtractive decode)
Aug 15 08:22:53 debian kernel: [    0.241112] pci 0000:00:11.0:   bridge window [mem 0x000d8000-0x000dbfff window] (subtractive decode)
Aug 15 08:22:53 debian kernel: [    0.241113] pci 0000:00:11.0:   bridge window [mem 0x000e4000-0x000e7fff window] (subtractive decode)
Aug 15 08:22:53 debian kernel: [    0.241113] pci 0000:00:11.0:   bridge window [mem 0x000e8000-0x000ebfff window] (subtractive decode)
Aug 15 08:22:53 debian kernel: [    0.241114] pci 0000:00:11.0:   bridge window [mem 0x000ec000-0x000effff window] (subtractive decode)
Aug 15 08:22:53 debian kernel: [    0.241470] pci 0000:00:15.0: PCI bridge to [bus 03]
Aug 15 08:22:53 debian kernel: [    0.241528] pci 0000:00:15.0:   bridge window [mem 0xfea00000-0xfeafffff]
Aug 15 08:22:53 debian kernel: [    0.241581] pci 0000:00:15.0:   bridge window [mem 0xfa400000-0xfa4fffff 64bit pref]
Aug 15 08:22:53 debian kernel: [    0.241945] pci 0000:00:15.1: PCI bridge to [bus 04]
Aug 15 08:22:53 debian kernel: [    0.241999] pci 0000:00:15.1:   bridge window [mem 0xfe900000-0xfe9fffff]
Aug 15 08:22:53 debian kernel: [    0.242052] pci 0000:00:15.1:   bridge window [mem 0xfa300000-0xfa3fffff 64bit pref]
Aug 15 08:22:53 debian kernel: [    0.242400] pci 0000:00:15.2: PCI bridge to [bus 05]
Aug 15 08:22:53 debian kernel: [    0.242522] pci 0000:00:15.2:   bridge window [mem 0xfe800000-0xfe8fffff]
Aug 15 08:22:53 debian kernel: [    0.242605] pci 0000:00:15.2:   bridge window [mem 0xfa200000-0xfa2fffff 64bit pref]
Aug 15 08:22:53 debian kernel: [    0.243139] pci 0000:00:15.3: PCI bridge to [bus 06]
Aug 15 08:22:53 debian kernel: [    0.243264] pci 0000:00:15.3:   bridge window [mem 0xfe700000-0xfe7fffff]
Aug 15 08:22:53 debian kernel: [    0.243354] pci 0000:00:15.3:   bridge window [mem 0xfa100000-0xfa1fffff 64bit pref]
Aug 15 08:22:53 debian kernel: [    0.243839] pci 0000:00:15.4: PCI bridge to [bus 07]
Aug 15 08:22:53 debian kernel: [    0.243916] pci 0000:00:15.4:   bridge window [mem 0xfe600000-0xfe6fffff]
Aug 15 08:22:53 debian kernel: [    0.243986] pci 0000:00:15.4:   bridge window [mem 0xfa000000-0xfa0fffff 64bit pref]
Aug 15 08:22:53 debian kernel: [    0.244492] pci 0000:00:15.5: PCI bridge to [bus 08]
Aug 15 08:22:53 debian kernel: [    0.244548] pci 0000:00:15.5:   bridge window [mem 0xfe500000-0xfe5fffff]
Aug 15 08:22:53 debian kernel: [    0.244600] pci 0000:00:15.5:   bridge window [mem 0xf9f00000-0xf9ffffff 64bit pref]
Aug 15 08:22:53 debian kernel: [    0.245042] pci 0000:00:15.6: PCI bridge to [bus 09]
Aug 15 08:22:53 debian kernel: [    0.245099] pci 0000:00:15.6:   bridge window [mem 0xfe400000-0xfe4fffff]
Aug 15 08:22:53 debian kernel: [    0.245151] pci 0000:00:15.6:   bridge window [mem 0xf9e00000-0xf9efffff 64bit pref]
Aug 15 08:22:53 debian kernel: [    0.245514] pci 0000:00:15.7: PCI bridge to [bus 0a]
Aug 15 08:22:53 debian kernel: [    0.245568] pci 0000:00:15.7:   bridge window [mem 0xfe300000-0xfe3fffff]
Aug 15 08:22:53 debian kernel: [    0.245622] pci 0000:00:15.7:   bridge window [mem 0xf9d00000-0xf9dfffff 64bit pref]
Aug 15 08:22:53 debian kernel: [    0.245981] pci 0000:00:16.0: PCI bridge to [bus 0b]
Aug 15 08:22:53 debian kernel: [    0.246035] pci 0000:00:16.0:   bridge window [mem 0xfe200000-0xfe2fffff]
Aug 15 08:22:53 debian kernel: [    0.246088] pci 0000:00:16.0:   bridge window [mem 0xf9c00000-0xf9cfffff 64bit pref]
Aug 15 08:22:53 debian kernel: [    0.246450] pci 0000:00:16.1: PCI bridge to [bus 0c]
Aug 15 08:22:53 debian kernel: [    0.246506] pci 0000:00:16.1:   bridge window [mem 0xfe100000-0xfe1fffff]
Aug 15 08:22:53 debian kernel: [    0.246559] pci 0000:00:16.1:   bridge window [mem 0xf9b00000-0xf9bfffff 64bit pref]
Aug 15 08:22:53 debian kernel: [    0.246916] pci 0000:00:16.2: PCI bridge to [bus 0d]
Aug 15 08:22:53 debian kernel: [    0.246973] pci 0000:00:16.2:   bridge window [mem 0xfe000000-0xfe0fffff]
Aug 15 08:22:53 debian kernel: [    0.247026] pci 0000:00:16.2:   bridge window [mem 0xf9a00000-0xf9afffff 64bit pref]
Aug 15 08:22:53 debian kernel: [    0.247383] pci 0000:00:16.3: PCI bridge to [bus 0e]
Aug 15 08:22:53 debian kernel: [    0.247439] pci 0000:00:16.3:   bridge window [mem 0xfdf00000-0xfdffffff]
Aug 15 08:22:53 debian kernel: [    0.247492] pci 0000:00:16.3:   bridge window [mem 0xf9900000-0xf99fffff 64bit pref]
Aug 15 08:22:53 debian kernel: [    0.247852] pci 0000:00:16.4: PCI bridge to [bus 0f]
Aug 15 08:22:53 debian kernel: [    0.247909] pci 0000:00:16.4:   bridge window [mem 0xfde00000-0xfdefffff]
Aug 15 08:22:53 debian kernel: [    0.247962] pci 0000:00:16.4:   bridge window [mem 0xf9800000-0xf98fffff 64bit pref]
Aug 15 08:22:53 debian kernel: [    0.248420] pci 0000:00:16.5: PCI bridge to [bus 10]
Aug 15 08:22:53 debian kernel: [    0.248512] pci 0000:00:16.5:   bridge window [mem 0xfdd00000-0xfddfffff]
Aug 15 08:22:53 debian kernel: [    0.248564] pci 0000:00:16.5:   bridge window [mem 0xf9700000-0xf97fffff 64bit pref]
Aug 15 08:22:53 debian kernel: [    0.248932] pci 0000:00:16.6: PCI bridge to [bus 11]
Aug 15 08:22:53 debian kernel: [    0.248986] pci 0000:00:16.6:   bridge window [mem 0xfdc00000-0xfdcfffff]
Aug 15 08:22:53 debian kernel: [    0.249039] pci 0000:00:16.6:   bridge window [mem 0xf9600000-0xf96fffff 64bit pref]
Aug 15 08:22:53 debian kernel: [    0.249397] pci 0000:00:16.7: PCI bridge to [bus 12]
Aug 15 08:22:53 debian kernel: [    0.249450] pci 0000:00:16.7:   bridge window [mem 0xfdb00000-0xfdbfffff]
Aug 15 08:22:53 debian kernel: [    0.249502] pci 0000:00:16.7:   bridge window [mem 0xf9500000-0xf95fffff 64bit pref]
Aug 15 08:22:53 debian kernel: [    0.249862] pci 0000:00:17.0: PCI bridge to [bus 13]
Aug 15 08:22:53 debian kernel: [    0.249915] pci 0000:00:17.0:   bridge window [mem 0xfda00000-0xfdafffff]
Aug 15 08:22:53 debian kernel: [    0.249968] pci 0000:00:17.0:   bridge window [mem 0xf9400000-0xf94fffff 64bit pref]
Aug 15 08:22:53 debian kernel: [    0.250330] pci 0000:00:17.1: PCI bridge to [bus 14]
Aug 15 08:22:53 debian kernel: [    0.250384] pci 0000:00:17.1:   bridge window [mem 0xfd900000-0xfd9fffff]
Aug 15 08:22:53 debian kernel: [    0.250436] pci 0000:00:17.1:   bridge window [mem 0xf9300000-0xf93fffff 64bit pref]
Aug 15 08:22:53 debian kernel: [    0.250789] pci 0000:00:17.2: PCI bridge to [bus 15]
Aug 15 08:22:53 debian kernel: [    0.250845] pci 0000:00:17.2:   bridge window [mem 0xfd800000-0xfd8fffff]
Aug 15 08:22:53 debian kernel: [    0.250897] pci 0000:00:17.2:   bridge window [mem 0xf9200000-0xf92fffff 64bit pref]
Aug 15 08:22:53 debian kernel: [    0.251250] pci 0000:00:17.3: PCI bridge to [bus 16]
Aug 15 08:22:53 debian kernel: [    0.251307] pci 0000:00:17.3:   bridge window [mem 0xfd700000-0xfd7fffff]
Aug 15 08:22:53 debian kernel: [    0.251359] pci 0000:00:17.3:   bridge window [mem 0xf9100000-0xf91fffff 64bit pref]
Aug 15 08:22:53 debian kernel: [    0.251722] pci 0000:00:17.4: PCI bridge to [bus 17]
Aug 15 08:22:53 debian kernel: [    0.251774] pci 0000:00:17.4:   bridge window [mem 0xfd600000-0xfd6fffff]
Aug 15 08:22:53 debian kernel: [    0.251828] pci 0000:00:17.4:   bridge window [mem 0xf9000000-0xf90fffff 64bit pref]
Aug 15 08:22:53 debian kernel: [    0.252183] pci 0000:00:17.5: PCI bridge to [bus 18]
Aug 15 08:22:53 debian kernel: [    0.252235] pci 0000:00:17.5:   bridge window [mem 0xfd500000-0xfd5fffff]
Aug 15 08:22:53 debian kernel: [    0.252288] pci 0000:00:17.5:   bridge window [mem 0xf8f00000-0xf8ffffff 64bit pref]
Aug 15 08:22:53 debian kernel: [    0.252660] pci 0000:00:17.6: PCI bridge to [bus 19]
Aug 15 08:22:53 debian kernel: [    0.252716] pci 0000:00:17.6:   bridge window [mem 0xfd400000-0xfd4fffff]
Aug 15 08:22:53 debian kernel: [    0.252769] pci 0000:00:17.6:   bridge window [mem 0xf8e00000-0xf8efffff 64bit pref]
Aug 15 08:22:53 debian kernel: [    0.253123] pci 0000:00:17.7: PCI bridge to [bus 1a]
Aug 15 08:22:53 debian kernel: [    0.253178] pci 0000:00:17.7:   bridge window [mem 0xfd300000-0xfd3fffff]
Aug 15 08:22:53 debian kernel: [    0.253231] pci 0000:00:17.7:   bridge window [mem 0xf8d00000-0xf8dfffff 64bit pref]
Aug 15 08:22:53 debian kernel: [    0.253587] pci 0000:00:18.0: PCI bridge to [bus 1b]
Aug 15 08:22:53 debian kernel: [    0.253642] pci 0000:00:18.0:   bridge window [mem 0xfd200000-0xfd2fffff]
Aug 15 08:22:53 debian kernel: [    0.253695] pci 0000:00:18.0:   bridge window [mem 0xf8c00000-0xf8cfffff 64bit pref]
Aug 15 08:22:53 debian kernel: [    0.254057] pci 0000:00:18.1: PCI bridge to [bus 1c]
Aug 15 08:22:53 debian kernel: [    0.254114] pci 0000:00:18.1:   bridge window [mem 0xfd100000-0xfd1fffff]
Aug 15 08:22:53 debian kernel: [    0.254167] pci 0000:00:18.1:   bridge window [mem 0xf8b00000-0xf8bfffff 64bit pref]
Aug 15 08:22:53 debian kernel: [    0.254522] pci 0000:00:18.2: PCI bridge to [bus 1d]
Aug 15 08:22:53 debian kernel: [    0.254575] pci 0000:00:18.2:   bridge window [mem 0xfd000000-0xfd0fffff]
Aug 15 08:22:53 debian kernel: [    0.254628] pci 0000:00:18.2:   bridge window [mem 0xf8a00000-0xf8afffff 64bit pref]
Aug 15 08:22:53 debian kernel: [    0.254995] pci 0000:00:18.3: PCI bridge to [bus 1e]
Aug 15 08:22:53 debian kernel: [    0.255051] pci 0000:00:18.3:   bridge window [mem 0xfcf00000-0xfcffffff]
Aug 15 08:22:53 debian kernel: [    0.255105] pci 0000:00:18.3:   bridge window [mem 0xf8900000-0xf89fffff 64bit pref]
Aug 15 08:22:53 debian kernel: [    0.255463] pci 0000:00:18.4: PCI bridge to [bus 1f]
Aug 15 08:22:53 debian kernel: [    0.255519] pci 0000:00:18.4:   bridge window [mem 0xfce00000-0xfcefffff]
Aug 15 08:22:53 debian kernel: [    0.255572] pci 0000:00:18.4:   bridge window [mem 0xf8800000-0xf88fffff 64bit pref]
Aug 15 08:22:53 debian kernel: [    0.255930] pci 0000:00:18.5: PCI bridge to [bus 20]
Aug 15 08:22:53 debian kernel: [    0.255986] pci 0000:00:18.5:   bridge window [mem 0xfcd00000-0xfcdfffff]
Aug 15 08:22:53 debian kernel: [    0.256039] pci 0000:00:18.5:   bridge window [mem 0xf8700000-0xf87fffff 64bit pref]
Aug 15 08:22:53 debian kernel: [    0.256403] pci 0000:00:18.6: PCI bridge to [bus 21]
Aug 15 08:22:53 debian kernel: [    0.256460] pci 0000:00:18.6:   bridge window [mem 0xfcc00000-0xfccfffff]
Aug 15 08:22:53 debian kernel: [    0.256513] pci 0000:00:18.6:   bridge window [mem 0xf8600000-0xf86fffff 64bit pref]
Aug 15 08:22:53 debian kernel: [    0.256869] pci 0000:00:18.7: PCI bridge to [bus 22]
Aug 15 08:22:53 debian kernel: [    0.256926] pci 0000:00:18.7:   bridge window [mem 0xfcb00000-0xfcbfffff]
Aug 15 08:22:53 debian kernel: [    0.256979] pci 0000:00:18.7:   bridge window [mem 0xf8500000-0xf85fffff 64bit pref]
Aug 15 08:22:53 debian kernel: [    0.259488] ACPI: PCI Interrupt Link [LNKA] (IRQs 3 4 5 6 7 9 10 11 14 15) *0, disabled.
Aug 15 08:22:53 debian kernel: [    0.259572] ACPI: PCI Interrupt Link [LNKB] (IRQs 3 4 5 6 7 9 10 11 14 15) *0, disabled.
Aug 15 08:22:53 debian kernel: [    0.259655] ACPI: PCI Interrupt Link [LNKC] (IRQs 3 4 5 6 7 9 10 11 14 15) *0, disabled.
Aug 15 08:22:53 debian kernel: [    0.259737] ACPI: PCI Interrupt Link [LNKD] (IRQs 3 4 5 6 7 9 10 11 14 15) *0, disabled.
Aug 15 08:22:53 debian kernel: [    0.267830] pci 0000:00:0f.0: vgaarb: setting as boot VGA device
Aug 15 08:22:53 debian kernel: [    0.267831] pci 0000:00:0f.0: vgaarb: VGA device added: decodes=io+mem,owns=io+mem,locks=none
Aug 15 08:22:53 debian kernel: [    0.267836] pci 0000:00:0f.0: vgaarb: bridge control possible
Aug 15 08:22:53 debian kernel: [    0.267837] vgaarb: loaded
Aug 15 08:22:53 debian kernel: [    0.267892] pps_core: LinuxPPS API ver. 1 registered
Aug 15 08:22:53 debian kernel: [    0.267892] pps_core: Software ver. 5.3.6 - Copyright 2005-2007 Rodolfo Giometti <giometti@linux.it>
Aug 15 08:22:53 debian kernel: [    0.267894] PTP clock support registered
Aug 15 08:22:53 debian kernel: [    0.267899] EDAC MC: Ver: 3.0.0
Aug 15 08:22:53 debian kernel: [    0.269905] Registered efivars operations
Aug 15 08:22:53 debian kernel: [    0.269943] PCI: Using ACPI for IRQ routing
Aug 15 08:22:53 debian kernel: [    0.273390] PCI: pci_cache_line_size set to 64 bytes
Aug 15 08:22:53 debian kernel: [    0.274565] e820: reserve RAM buffer [mem 0x0ef25000-0x0fffffff]
Aug 15 08:22:53 debian kernel: [    0.274567] e820: reserve RAM buffer [mem 0x0ef3d000-0x0fffffff]
Aug 15 08:22:53 debian kernel: [    0.274567] e820: reserve RAM buffer [mem 0x0ef61000-0x0fffffff]
Aug 15 08:22:53 debian kernel: [    0.274568] e820: reserve RAM buffer [mem 0x0fee7000-0x0fffffff]
Aug 15 08:22:53 debian kernel: [    0.274737] hpet0: at MMIO 0xfed00000, IRQs 2, 8, 0, 0, 0, 0, 0, 0, 0, 0, 0, 0, 0, 0, 0, 0
Aug 15 08:22:53 debian kernel: [    0.274739] hpet0: 16 comparators, 64-bit 14.318180 MHz counter
Aug 15 08:22:53 debian kernel: [    0.276778] clocksource: Switched to clocksource tsc-early
Aug 15 08:22:53 debian kernel: [    0.280019] VFS: Disk quotas dquot_6.6.0
Aug 15 08:22:53 debian kernel: [    0.280019] VFS: Dquot-cache hash table entries: 512 (order 0, 4096 bytes)
Aug 15 08:22:53 debian kernel: [    0.280019] AppArmor: AppArmor Filesystem Enabled
Aug 15 08:22:53 debian kernel: [    0.280019] pnp: PnP ACPI init
Aug 15 08:22:53 debian kernel: [    0.280019] system 00:00: [io  0x0440-0x047f] has been reserved
Aug 15 08:22:53 debian kernel: [    0.280019] system 00:00: [io  0x5658-0x5659] has been reserved
Aug 15 08:22:53 debian kernel: [    0.280019] system 00:00: [io  0x5670] has been reserved
Aug 15 08:22:53 debian kernel: [    0.280019] system 00:00: [io  0x0cf0-0x0cf1] has been reserved
Aug 15 08:22:53 debian kernel: [    0.280019] system 00:00: Plug and Play ACPI device, IDs PNP0c02 (active)
Aug 15 08:22:53 debian kernel: [    0.280019] pnp 00:01: Plug and Play ACPI device, IDs PNP0b00 (active)
Aug 15 08:22:53 debian kernel: [    0.280019] pnp 00:02: Plug and Play ACPI device, IDs PNP0303 (active)
Aug 15 08:22:53 debian kernel: [    0.280019] pnp 00:03: Plug and Play ACPI device, IDs VMW0003 PNP0f13 (active)
Aug 15 08:22:53 debian kernel: [    0.280019] system 00:04: [mem 0xfed00000-0xfed003ff] has been reserved
Aug 15 08:22:53 debian kernel: [    0.280019] system 00:04: Plug and Play ACPI device, IDs PNP0103 PNP0c01 (active)
Aug 15 08:22:53 debian kernel: [    0.283157] pnp 00:05: Plug and Play ACPI device, IDs PNP0501 (active)
Aug 15 08:22:53 debian kernel: [    0.283580] system 00:06: [io  0x0400-0x041f] has been reserved
Aug 15 08:22:53 debian kernel: [    0.283581] system 00:06: [mem 0xe0000000-0xe7ffffff] has been reserved
Aug 15 08:22:53 debian kernel: [    0.283584] system 00:06: [mem 0xffc00000-0xffdfffff] could not be reserved
Aug 15 08:22:53 debian kernel: [    0.283586] system 00:06: Plug and Play ACPI device, IDs PNP0c02 (active)
Aug 15 08:22:53 debian kernel: [    0.284911] pnp: PnP ACPI: found 7 devices
Aug 15 08:22:53 debian kernel: [    0.289975] clocksource: acpi_pm: mask: 0xffffff max_cycles: 0xffffff, max_idle_ns: 2085701024 ns
Aug 15 08:22:53 debian kernel: [    0.289980] pci 0000:00:0f.0: can't claim BAR 6 [mem 0xffff8000-0xffffffff pref]: no compatible bridge window
Aug 15 08:22:53 debian kernel: [    0.289981] pci 0000:00:10.0: can't claim BAR 6 [mem 0xffffc000-0xffffffff pref]: no compatible bridge window
Aug 15 08:22:53 debian kernel: [    0.289982] pci 0000:02:01.0: can't claim BAR 6 [mem 0xffff0000-0xffffffff pref]: no compatible bridge window
Aug 15 08:22:53 debian kernel: [    0.290174] pci 0000:00:15.0: bridge window [io  0x1000-0x0fff] to [bus 03] add_size 1000
Aug 15 08:22:53 debian kernel: [    0.290257] pci 0000:00:15.1: bridge window [io  0x1000-0x0fff] to [bus 04] add_size 1000
Aug 15 08:22:53 debian kernel: [    0.290335] pci 0000:00:15.2: bridge window [io  0x1000-0x0fff] to [bus 05] add_size 1000
Aug 15 08:22:53 debian kernel: [    0.290424] pci 0000:00:15.3: bridge window [io  0x1000-0x0fff] to [bus 06] add_size 1000
Aug 15 08:22:53 debian kernel: [    0.290505] pci 0000:00:15.4: bridge window [io  0x1000-0x0fff] to [bus 07] add_size 1000
Aug 15 08:22:53 debian kernel: [    0.290585] pci 0000:00:15.5: bridge window [io  0x1000-0x0fff] to [bus 08] add_size 1000
Aug 15 08:22:53 debian kernel: [    0.290668] pci 0000:00:15.6: bridge window [io  0x1000-0x0fff] to [bus 09] add_size 1000
Aug 15 08:22:53 debian kernel: [    0.290748] pci 0000:00:15.7: bridge window [io  0x1000-0x0fff] to [bus 0a] add_size 1000
Aug 15 08:22:53 debian kernel: [    0.290825] pci 0000:00:16.0: bridge window [io  0x1000-0x0fff] to [bus 0b] add_size 1000
Aug 15 08:22:53 debian kernel: [    0.290905] pci 0000:00:16.1: bridge window [io  0x1000-0x0fff] to [bus 0c] add_size 1000
Aug 15 08:22:53 debian kernel: [    0.290983] pci 0000:00:16.2: bridge window [io  0x1000-0x0fff] to [bus 0d] add_size 1000
Aug 15 08:22:53 debian kernel: [    0.291062] pci 0000:00:16.3: bridge window [io  0x1000-0x0fff] to [bus 0e] add_size 1000
Aug 15 08:22:53 debian kernel: [    0.291141] pci 0000:00:16.4: bridge window [io  0x1000-0x0fff] to [bus 0f] add_size 1000
Aug 15 08:22:53 debian kernel: [    0.291221] pci 0000:00:16.5: bridge window [io  0x1000-0x0fff] to [bus 10] add_size 1000
Aug 15 08:22:53 debian kernel: [    0.291299] pci 0000:00:16.6: bridge window [io  0x1000-0x0fff] to [bus 11] add_size 1000
Aug 15 08:22:53 debian kernel: [    0.291379] pci 0000:00:16.7: bridge window [io  0x1000-0x0fff] to [bus 12] add_size 1000
Aug 15 08:22:53 debian kernel: [    0.291457] pci 0000:00:17.0: bridge window [io  0x1000-0x0fff] to [bus 13] add_size 1000
Aug 15 08:22:53 debian kernel: [    0.291544] pci 0000:00:17.1: bridge window [io  0x1000-0x0fff] to [bus 14] add_size 1000
Aug 15 08:22:53 debian kernel: [    0.291623] pci 0000:00:17.2: bridge window [io  0x1000-0x0fff] to [bus 15] add_size 1000
Aug 15 08:22:53 debian kernel: [    0.291702] pci 0000:00:17.3: bridge window [io  0x1000-0x0fff] to [bus 16] add_size 1000
Aug 15 08:22:53 debian kernel: [    0.291780] pci 0000:00:17.4: bridge window [io  0x1000-0x0fff] to [bus 17] add_size 1000
Aug 15 08:22:53 debian kernel: [    0.291860] pci 0000:00:17.5: bridge window [io  0x1000-0x0fff] to [bus 18] add_size 1000
Aug 15 08:22:53 debian kernel: [    0.291938] pci 0000:00:17.6: bridge window [io  0x1000-0x0fff] to [bus 19] add_size 1000
Aug 15 08:22:53 debian kernel: [    0.292019] pci 0000:00:17.7: bridge window [io  0x1000-0x0fff] to [bus 1a] add_size 1000
Aug 15 08:22:53 debian kernel: [    0.292096] pci 0000:00:18.0: bridge window [io  0x1000-0x0fff] to [bus 1b] add_size 1000
Aug 15 08:22:53 debian kernel: [    0.292176] pci 0000:00:18.1: bridge window [io  0x1000-0x0fff] to [bus 1c] add_size 1000
Aug 15 08:22:53 debian kernel: [    0.292262] pci 0000:00:18.2: bridge window [io  0x1000-0x0fff] to [bus 1d] add_size 1000
Aug 15 08:22:53 debian kernel: [    0.292343] pci 0000:00:18.3: bridge window [io  0x1000-0x0fff] to [bus 1e] add_size 1000
Aug 15 08:22:53 debian kernel: [    0.292422] pci 0000:00:18.4: bridge window [io  0x1000-0x0fff] to [bus 1f] add_size 1000
Aug 15 08:22:53 debian kernel: [    0.292502] pci 0000:00:18.5: bridge window [io  0x1000-0x0fff] to [bus 20] add_size 1000
Aug 15 08:22:53 debian kernel: [    0.292581] pci 0000:00:18.6: bridge window [io  0x1000-0x0fff] to [bus 21] add_size 1000
Aug 15 08:22:53 debian kernel: [    0.292662] pci 0000:00:18.7: bridge window [io  0x1000-0x0fff] to [bus 22] add_size 1000
Aug 15 08:22:53 debian kernel: [    0.292676] pci 0000:00:0f.0: BAR 6: assigned [mem 0xfef00000-0xfef07fff pref]
Aug 15 08:22:53 debian kernel: [    0.292678] pci 0000:00:10.0: BAR 6: assigned [mem 0xfef08000-0xfef0bfff pref]
Aug 15 08:22:53 debian kernel: [    0.292678] pci 0000:00:15.0: BAR 13: assigned [io  0x3000-0x3fff]
Aug 15 08:22:53 debian kernel: [    0.292679] pci 0000:00:15.1: BAR 13: assigned [io  0x4000-0x4fff]
Aug 15 08:22:53 debian kernel: [    0.292680] pci 0000:00:15.2: BAR 13: assigned [io  0x6000-0x6fff]
Aug 15 08:22:53 debian kernel: [    0.292680] pci 0000:00:15.3: BAR 13: assigned [io  0x7000-0x7fff]
Aug 15 08:22:53 debian kernel: [    0.292681] pci 0000:00:15.4: BAR 13: assigned [io  0x8000-0x8fff]
Aug 15 08:22:53 debian kernel: [    0.292681] pci 0000:00:15.5: BAR 13: assigned [io  0x9000-0x9fff]
Aug 15 08:22:53 debian kernel: [    0.292682] pci 0000:00:15.6: BAR 13: assigned [io  0xa000-0xafff]
Aug 15 08:22:53 debian kernel: [    0.292682] pci 0000:00:15.7: BAR 13: assigned [io  0xb000-0xbfff]
Aug 15 08:22:53 debian kernel: [    0.292683] pci 0000:00:16.0: BAR 13: assigned [io  0xc000-0xcfff]
Aug 15 08:22:53 debian kernel: [    0.292683] pci 0000:00:16.1: BAR 13: assigned [io  0xd000-0xdfff]
Aug 15 08:22:53 debian kernel: [    0.292684] pci 0000:00:16.2: BAR 13: assigned [io  0xe000-0xefff]
Aug 15 08:22:53 debian kernel: [    0.292685] pci 0000:00:16.3: BAR 13: assigned [io  0xf000-0xffff]
Aug 15 08:22:53 debian kernel: [    0.292686] pci 0000:00:16.4: BAR 13: no space for [io  size 0x1000]
Aug 15 08:22:53 debian kernel: [    0.292686] pci 0000:00:16.4: BAR 13: failed to assign [io  size 0x1000]
Aug 15 08:22:53 debian kernel: [    0.292687] pci 0000:00:16.5: BAR 13: no space for [io  size 0x1000]
Aug 15 08:22:53 debian kernel: [    0.292688] pci 0000:00:16.5: BAR 13: failed to assign [io  size 0x1000]
Aug 15 08:22:53 debian kernel: [    0.292689] pci 0000:00:16.6: BAR 13: no space for [io  size 0x1000]
Aug 15 08:22:53 debian kernel: [    0.292689] pci 0000:00:16.6: BAR 13: failed to assign [io  size 0x1000]
